Component: ARM Compiler 5.06 update 6 (build 750) Tool: armlink [4d35ed]

==============================================================================

Section Cross References

    main.o(i.main) refers to _printf_percent.o(.ARM.Collect$$_printf_percent$$00000000) for _printf_percent
    main.o(i.main) refers to _printf_d.o(.ARM.Collect$$_printf_percent$$00000009) for _printf_d
    main.o(i.main) refers to _printf_dec.o(.text) for _printf_int_dec
    main.o(i.main) refers to sys.o(i.Cache_Enable) for Cache_Enable
    main.o(i.main) refers to mpu.o(i.MPU_Memory_Protection) for MPU_Memory_Protection
    main.o(i.main) refers to stm32h7xx_hal.o(i.HAL_Init) for HAL_Init
    main.o(i.main) refers to sys.o(i.Stm32_Clock_Init) for Stm32_Clock_Init
    main.o(i.main) refers to delay.o(i.delay_init) for delay_init
    main.o(i.main) refers to usart.o(i.uart_init) for uart_init
    main.o(i.main) refers to led.o(i.LED_Init) for LED_Init
    main.o(i.main) refers to key.o(i.KEY_Init) for KEY_Init
    main.o(i.main) refers to sdram.o(i.SDRAM_Init) for SDRAM_Init
    main.o(i.main) refers to lcd.o(i.LCD_Init) for LCD_Init
    main.o(i.main) refers to w25qxx.o(i.W25QXX_Init) for W25QXX_Init
    main.o(i.main) refers to malloc.o(i.my_mem_init) for my_mem_init
    main.o(i.main) refers to afe4490.o(i.AFE4490_Init_2) for AFE4490_Init_2
    main.o(i.main) refers to afe4490.o(i.AFE4490_Reg_Init_2) for AFE4490_Reg_Init_2
    main.o(i.main) refers to afe4490.o(i.afe4490_Write_2) for afe4490_Write_2
    main.o(i.main) refers to afe4490.o(i.afe4490_Read_2) for afe4490_Read_2
    main.o(i.main) refers to noretval__2printf.o(.text) for __2printf
    main.o(i.main) refers to usmart_config.o(.data) for usmart_dev
    main.o(i.main) refers to main.o(.data) for IRtemp
    stm32h7xx_it.o(i.SysTick_Handler) refers to stm32h7xx_hal.o(i.HAL_IncTick) for HAL_IncTick
    system_stm32h7xx.o(i.SystemCoreClockUpdate) refers to system_stm32h7xx.o(.data) for SystemCoreClock
    system_stm32h7xx.o(i.SystemCoreClockUpdate) refers to system_stm32h7xx.o(.constdata) for D1CorePrescTable
    startup_stm32h743xx.o(STACK) refers (Special) to heapauxi.o(.text) for __use_two_region_memory
    startup_stm32h743xx.o(HEAP) refers (Special) to heapauxi.o(.text) for __use_two_region_memory
    startup_stm32h743xx.o(RESET) refers (Special) to heapauxi.o(.text) for __use_two_region_memory
    startup_stm32h743xx.o(RESET) refers to startup_stm32h743xx.o(STACK) for __initial_sp
    startup_stm32h743xx.o(RESET) refers to startup_stm32h743xx.o(.text) for Reset_Handler
    startup_stm32h743xx.o(RESET) refers to stm32h7xx_it.o(i.NMI_Handler) for NMI_Handler
    startup_stm32h743xx.o(RESET) refers to stm32h7xx_it.o(i.HardFault_Handler) for HardFault_Handler
    startup_stm32h743xx.o(RESET) refers to stm32h7xx_it.o(i.BusFault_Handler) for BusFault_Handler
    startup_stm32h743xx.o(RESET) refers to stm32h7xx_it.o(i.UsageFault_Handler) for UsageFault_Handler
    startup_stm32h743xx.o(RESET) refers to stm32h7xx_it.o(i.SVC_Handler) for SVC_Handler
    startup_stm32h743xx.o(RESET) refers to stm32h7xx_it.o(i.DebugMon_Handler) for DebugMon_Handler
    startup_stm32h743xx.o(RESET) refers to stm32h7xx_it.o(i.PendSV_Handler) for PendSV_Handler
    startup_stm32h743xx.o(RESET) refers to stm32h7xx_it.o(i.SysTick_Handler) for SysTick_Handler
    startup_stm32h743xx.o(RESET) refers to usmart.o(i.TIM4_IRQHandler) for TIM4_IRQHandler
    startup_stm32h743xx.o(RESET) refers to usart.o(i.USART1_IRQHandler) for USART1_IRQHandler
    startup_stm32h743xx.o(.text) refers (Special) to heapauxi.o(.text) for __use_two_region_memory
    startup_stm32h743xx.o(.text) refers to system_stm32h7xx.o(i.SystemInit) for SystemInit
    startup_stm32h743xx.o(.text) refers to __main.o(!!!main) for __main
    startup_stm32h743xx.o(.text) refers to startup_stm32h743xx.o(HEAP) for Heap_Mem
    startup_stm32h743xx.o(.text) refers to startup_stm32h743xx.o(STACK) for Stack_Mem
    delay.o(i.delay_init) refers to stm32h7xx_hal_cortex.o(i.HAL_SYSTICK_CLKSourceConfig) for HAL_SYSTICK_CLKSourceConfig
    delay.o(i.delay_init) refers to delay.o(.data) for fac_us
    delay.o(i.delay_ms) refers to delay.o(i.delay_us) for delay_us
    delay.o(i.delay_us) refers to delay.o(.data) for fac_us
    sys.o(i.Cache_Enable) refers to sys.o(i.SCB_EnableICache) for SCB_EnableICache
    sys.o(i.Cache_Enable) refers to sys.o(i.SCB_EnableDCache) for SCB_EnableDCache
    sys.o(i.Stm32_Clock_Init) refers to stm32h7xx_hal_rcc.o(i.HAL_RCC_OscConfig) for HAL_RCC_OscConfig
    sys.o(i.Stm32_Clock_Init) refers to stm32h7xx_hal_rcc.o(i.HAL_RCC_ClockConfig) for HAL_RCC_ClockConfig
    sys.o(i.Stm32_Clock_Init) refers to stm32h7xx_hal.o(i.HAL_EnableCompensationCell) for HAL_EnableCompensationCell
    usart.o(i.HAL_UART_MspInit) refers to stm32h7xx_hal_gpio.o(i.HAL_GPIO_Init) for HAL_GPIO_Init
    usart.o(i.HAL_UART_MspInit) refers to stm32h7xx_hal_cortex.o(i.HAL_NVIC_EnableIRQ) for HAL_NVIC_EnableIRQ
[...]
    DMA2D_IRQHandler                         0x080003b3   Thumb Code     0  startup_stm32h743xx.o(.text)
    DMA2_Stream0_IRQHandler                  0x080003b3   Thumb Code     0  startup_stm32h743xx.o(.text)
    DMA2_Stream1_IRQHandler                  0x080003b3   Thumb Code     0  startup_stm32h743xx.o(.text)
    DMA2_Stream2_IRQHandler                  0x080003b3   Thumb Code     0  startup_stm32h743xx.o(.text)
    DMA2_Stream3_IRQHandler                  0x080003b3   Thumb Code     0  startup_stm32h743xx.o(.text)
    DMA2_Stream4_IRQHandler                  0x080003b3   Thumb Code     0  startup_stm32h743xx.o(.text)
    DMA2_Stream5_IRQHandler                  0x080003b3   Thumb Code     0  startup_stm32h743xx.o(.text)
    DMA2_Stream6_IRQHandler                  0x080003b3   Thumb Code     0  startup_stm32h743xx.o(.text)
    DMA2_Stream7_IRQHandler                  0x080003b3   Thumb Code     0  startup_stm32h743xx.o(.text)
    DMAMUX1_OVR_IRQHandler                   0x080003b3   Thumb Code     0  startup_stm32h743xx.o(.text)
    DMAMUX2_OVR_IRQHandler                   0x080003b3   Thumb Code     0  startup_stm32h743xx.o(.text)
    ETH_IRQHandler                           0x080003b3   Thumb Code     0  startup_stm32h743xx.o(.text)
    ETH_WKUP_IRQHandler                      0x080003b3   Thumb Code     0  startup_stm32h743xx.o(.text)
    EXTI0_IRQHandler                         0x080003b3   Thumb Code     0  startup_stm32h743xx.o(.text)
    EXTI15_10_IRQHandler                     0x080003b3   Thumb Code     0  startup_stm32h743xx.o(.text)
    EXTI1_IRQHandler                         0x080003b3   Thumb Code     0  startup_stm32h743xx.o(.text)
    EXTI2_IRQHandler                         0x080003b3   Thumb Code     0  startup_stm32h743xx.o(.text)
    EXTI3_IRQHandler                         0x080003b3   Thumb Code     0  startup_stm32h743xx.o(.text)
    EXTI4_IRQHandler                         0x080003b3   Thumb Code     0  startup_stm32h743xx.o(.text)
    EXTI9_5_IRQHandler                       0x080003b3   Thumb Code     0  startup_stm32h743xx.o(.text)
    FDCAN1_IT0_IRQHandler                    0x080003b3   Thumb Code     0  startup_stm32h743xx.o(.text)
    FDCAN1_IT1_IRQHandler                    0x080003b3   Thumb Code     0  startup_stm32h743xx.o(.text)
    FDCAN2_IT0_IRQHandler                    0x080003b3   Thumb Code     0  startup_stm32h743xx.o(.text)
    FDCAN2_IT1_IRQHandler                    0x080003b3   Thumb Code     0  startup_stm32h743xx.o(.text)
    FDCAN_CAL_IRQHandler                     0x080003b3   Thumb Code     0  startup_stm32h743xx.o(.text)
    FLASH_IRQHandler                         0x080003b3   Thumb Code     0  startup_stm32h743xx.o(.text)
    FMC_IRQHandler                           0x080003b3   Thumb Code     0  startup_stm32h743xx.o(.text)
    FPU_IRQHandler                           0x080003b3   Thumb Code     0  startup_stm32h743xx.o(.text)
    HRTIM1_FLT_IRQHandler                    0x080003b3   Thumb Code     0  startup_stm32h743xx.o(.text)
    HRTIM1_Master_IRQHandler                 0x080003b3   Thumb Code     0  startup_stm32h743xx.o(.text)
    HRTIM1_TIMA_IRQHandler                   0x080003b3   Thumb Code     0  startup_stm32h743xx.o(.text)
    HRTIM1_TIMB_IRQHandler                   0x080003b3   Thumb Code     0  startup_stm32h743xx.o(.text)
    HRTIM1_TIMC_IRQHandler                   0x080003b3   Thumb Code     0  startup_stm32h743xx.o(.text)
    HRTIM1_TIMD_IRQHandler                   0x080003b3   Thumb Code     0  startup_stm32h743xx.o(.text)
    HRTIM1_TIME_IRQHandler                   0x080003b3   Thumb Code     0  startup_stm32h743xx.o(.text)
    HSEM1_IRQHandler                         0x080003b3   Thumb Code     0  startup_stm32h743xx.o(.text)
    I2C1_ER_IRQHandler                       0x080003b3   Thumb Code     0  startup_stm32h743xx.o(.text)
    I2C1_EV_IRQHandler                       0x080003b3   Thumb Code     0  startup_stm32h743xx.o(.text)
    I2C2_ER_IRQHandler                       0x080003b3   Thumb Code     0  startup_stm32h743xx.o(.text)
    I2C2_EV_IRQHandler                       0x080003b3   Thumb Code     0  startup_stm32h743xx.o(.text)
    I2C3_ER_IRQHandler                       0x080003b3   Thumb Code     0  startup_stm32h743xx.o(.text)
    I2C3_EV_IRQHandler                       0x080003b3   Thumb Code     0  startup_stm32h743xx.o(.text)
    I2C4_ER_IRQHandler                       0x080003b3   Thumb Code     0  startup_stm32h743xx.o(.text)
    I2C4_EV_IRQHandler                       0x080003b3   Thumb Code     0  startup_stm32h743xx.o(.text)
    JPEG_IRQHandler                          0x080003b3   Thumb Code     0  startup_stm32h743xx.o(.text)
    LPTIM1_IRQHandler                        0x080003b3   Thumb Code     0  startup_stm32h743xx.o(.text)
    LPTIM2_IRQHandler                        0x080003b3   Thumb Code     0  startup_stm32h743xx.o(.text)
    LPTIM3_IRQHandler                        0x080003b3   Thumb Code     0  startup_stm32h743xx.o(.text)
    LPTIM4_IRQHandler                        0x080003b3   Thumb Code     0  startup_stm32h743xx.o(.text)
    LPTIM5_IRQHandler                        0x080003b3   Thumb Code     0  startup_stm32h743xx.o(.text)
    LPUART1_IRQHandler                       0x080003b3   Thumb Code     0  startup_stm32h743xx.o(.text)
    LTDC_ER_IRQHandler                       0x080003b3   Thumb Code     0  startup_stm32h743xx.o(.text)
    LTDC_IRQHandler                          0x080003b3   Thumb Code     0  startup_stm32h743xx.o(.text)
    MDIOS_IRQHandler                         0x080003b3   Thumb Code     0  startup_stm32h743xx.o(.text)
    MDIOS_WKUP_IRQHandler                    0x080003b3   Thumb Code     0  startup_stm32h743xx.o(.text)
    MDMA_IRQHandler                          0x080003b3   Thumb Code     0  startup_stm32h743xx.o(.text)
    OTG_FS_EP1_IN_IRQHandler                 0x080003b3   Thumb Code     0  startup_stm32h743xx.o(.text)
    OTG_FS_EP1_OUT_IRQHandler                0x080003b3   Thumb Code     0  startup_stm32h743xx.o(.text)
    OTG_FS_IRQHandler                        0x080003b3   Thumb Code     0  startup_stm32h743xx.o(.text)
    OTG_FS_WKUP_IRQHandler                   0x080003b3   Thumb Code     0  startup_stm32h743xx.o(.text)
    OTG_HS_EP1_IN_IRQHandler                 0x080003b3   Thumb Code     0  startup_stm32h743xx.o(.text)
    OTG_HS_EP1_OUT_IRQHandler                0x080003b3   Thumb Code     0  startup_stm32h743xx.o(.text)
    OTG_HS_IRQHandler                        0x080003b3   Thumb Code     0  startup_stm32h743xx.o(.text)
    OTG_HS_WKUP_IRQHandler                   0x080003b3   Thumb Code     0  startup_stm32h743xx.o(.text)
    PVD_AVD_IRQHandler                       0x080003b3   Thumb Code     0  startup_stm32h743xx.o(.text)
    QUADSPI_IRQHandler                       0x080003b3   Thumb Code     0  startup_stm32h743xx.o(.text)
    RCC_IRQHandler                           0x080003b3   Thumb Code     0  startup_stm32h743xx.o(.text)
    RNG_IRQHandler                           0x080003b3   Thumb Code     0  startup_stm32h743xx.o(.text)
    RTC_Alarm_IRQHandler                     0x080003b3   Thumb Code     0  startup_stm32h743xx.o(.text)
    RTC_WKUP_IRQHandler                      0x080003b3   Thumb Code     0  startup_stm32h743xx.o(.text)
    SAI1_IRQHandler                          0x080003b3   Thumb Code     0  startup_stm32h743xx.o(.text)
    SAI2_IRQHandler                          0x080003b3   Thumb Code     0  startup_stm32h743xx.o(.text)
    SAI3_IRQHandler                          0x080003b3   Thumb Code     0  startup_stm32h743xx.o(.text)
    SAI4_IRQHandler                          0x080003b3   Thumb Code     0  startup_stm32h743xx.o(.text)
    SDMMC1_IRQHandler                        0x080003b3   Thumb Code     0  startup_stm32h743xx.o(.text)
    SDMMC2_IRQHandler                        0x080003b3   Thumb Code     0  startup_stm32h743xx.o(.text)
    SPDIF_RX_IRQHandler                      0x080003b3   Thumb Code     0  startup_stm32h743xx.o(.text)
    SPI1_IRQHandler                          0x080003b3   Thumb Code     0  startup_stm32h743xx.o(.text)
    SPI2_IRQHandler                          0x080003b3   Thumb Code     0  startup_stm32h743xx.o(.text)
    SPI3_IRQHandler                          0x080003b3   Thumb Code     0  startup_stm32h743xx.o(.text)
    SPI4_IRQHandler                          0x080003b3   Thumb Code     0  startup_stm32h743xx.o(.text)
    SPI5_IRQHandler                          0x080003b3   Thumb Code     0  startup_stm32h743xx.o(.text)
    SPI6_IRQHandler                          0x080003b3   Thumb Code     0  startup_stm32h743xx.o(.text)
    SWPMI1_IRQHandler                        0x080003b3   Thumb Code     0  startup_stm32h743xx.o(.text)
    TAMP_STAMP_IRQHandler                    0x080003b3   Thumb Code     0  startup_stm32h743xx.o(.text)
    TIM15_IRQHandler                         0x080003b3   Thumb Code     0  startup_stm32h743xx.o(.text)
    TIM16_IRQHandler                         0x080003b3   Thumb Code     0  startup_stm32h743xx.o(.text)
    TIM17_IRQHandler                         0x080003b3   Thumb Code     0  startup_stm32h743xx.o(.text)
    TIM1_BRK_IRQHandler                      0x080003b3   Thumb Code     0  startup_stm32h743xx.o(.text)
    TIM1_CC_IRQHandler                       0x080003b3   Thumb Code     0  startup_stm32h743xx.o(.text)
    TIM1_TRG_COM_IRQHandler                  0x080003b3   Thumb Code     0  startup_stm32h743xx.o(.text)
    TIM1_UP_IRQHandler                       0x080003b3   Thumb Code     0  startup_stm32h743xx.o(.text)
    TIM2_IRQHandler                          0x080003b3   Thumb Code     0  startup_stm32h743xx.o(.text)
    TIM3_IRQHandler                          0x080003b3   Thumb Code     0  startup_stm32h743xx.o(.text)
    TIM5_IRQHandler                          0x080003b3   Thumb Code     0  startup_stm32h743xx.o(.text)
    TIM6_DAC_IRQHandler                      0x080003b3   Thumb Code     0  startup_stm32h743xx.o(.text)
    TIM7_IRQHandler                          0x080003b3   Thumb Code     0  startup_stm32h743xx.o(.text)
    TIM8_BRK_TIM12_IRQHandler                0x080003b3   Thumb Code     0  startup_stm32h743xx.o(.text)
    TIM8_CC_IRQHandler                       0x080003b3   Thumb Code     0  startup_stm32h743xx.o(.text)
    TIM8_TRG_COM_TIM14_IRQHandler            0x080003b3   Thumb Code     0  startup_stm32h743xx.o(.text)
    TIM8_UP_TIM13_IRQHandler                 0x080003b3   Thumb Code     0  startup_stm32h743xx.o(.text)
    UART4_IRQHandler                         0x080003b3   Thumb Code     0  startup_stm32h743xx.o(.text)
    UART5_IRQHandler                         0x080003b3   Thumb Code     0  startup_stm32h743xx.o(.text)
    UART7_IRQHandler                         0x080003b3   Thumb Code     0  startup_stm32h743xx.o(.text)
    UART8_IRQHandler                         0x080003b3   Thumb Code     0  startup_stm32h743xx.o(.text)
    USART2_IRQHandler                        0x080003b3   Thumb Code     0  startup_stm32h743xx.o(.text)
    USART3_IRQHandler                        0x080003b3   Thumb Code     0  startup_stm32h743xx.o(.text)
    USART6_IRQHandler                        0x080003b3   Thumb Code     0  startup_stm32h743xx.o(.text)
    WAKEUP_PIN_IRQHandler                    0x080003b3   Thumb Code     0  startup_stm32h743xx.o(.text)
    WWDG_IRQHandler                          0x080003b3   Thumb Code     0  startup_stm32h743xx.o(.text)
    __user_initial_stackheap                 0x080003b5   Thumb Code     0  startup_stm32h743xx.o(.text)
    __aeabi_uldivmod                         0x080003d9   Thumb Code     0  lludivv7m.o(.text)
    _ll_udiv                                 0x080003d9   Thumb Code   238  lludivv7m.o(.text)
    __2printf                                0x080004c9   Thumb Code    20  noretval__2printf.o(.text)
    _printf_pre_padding                      0x080004e1   Thumb Code    44  _printf_pad.o(.text)
    _printf_post_padding                     0x0800050d   Thumb Code    34  _printf_pad.o(.text)
    _printf_str                              0x0800052f   Thumb Code    82  _printf_str.o(.text)
    _printf_int_dec                          0x08000581   Thumb Code   104  _printf_dec.o(.text)
    _printf_int_hex                          0x080005f9   Thumb Code    84  _printf_hex_int.o(.text)
    _printf_longlong_hex                     0x080005f9   Thumb Code     0  _printf_hex_int.o(.text)
    __printf                                 0x08000651   Thumb Code   388  __printf_flags_ss_wp.o(.text)
    __aeabi_memcpy4                          0x080007d9   Thumb Code     0  rt_memcpy_w.o(.text)
    __aeabi_memcpy8                          0x080007d9   Thumb Code     0  rt_memcpy_w.o(.text)
    __rt_memcpy_w                            0x080007d9   Thumb Code   100  rt_memcpy_w.o(.text)
    _memcpy_lastbytes_aligned                0x08000821   Thumb Code     0  rt_memcpy_w.o(.text)
    __aeabi_memclr                           0x0800083d   Thumb Code     0  rt_memclr.o(.text)
    __rt_memclr                              0x0800083d   Thumb Code    68  rt_memclr.o(.text)
    _memset                                  0x08000841   Thumb Code     0  rt_memclr.o(.text)
    __aeabi_memclr4                          0x08000881   Thumb Code     0  rt_memclr_w.o(.text)
    __aeabi_memclr8                          0x08000881   Thumb Code     0  rt_memclr_w.o(.text)
    __rt_memclr_w                            0x08000881   Thumb Code    78  rt_memclr_w.o(.text)
    _memset_w                                0x08000885   Thumb Code     0  rt_memclr_w.o(.text)
    __use_two_region_memory                  0x080008cf   Thumb Code     2  heapauxi.o(.text)
    __rt_heap_escrow$2region                 0x080008d1   Thumb Code     2  heapauxi.o(.text)
    __rt_heap_expand$2region                 0x080008d3   Thumb Code     2  heapauxi.o(.text)
    _printf_int_common                       0x080008d5   Thumb Code   178  _printf_intcommon.o(.text)
    _printf_cs_common                        0x08000987   Thumb Code    20  _printf_char.o(.text)
    _printf_char                             0x0800099b   Thumb Code    16  _printf_char.o(.text)
    _printf_string                           0x080009ab   Thumb Code     8  _printf_char.o(.text)
    _printf_char_file                        0x080009b5   Thumb Code    32  _printf_char_file.o(.text)
    _printf_char_common                      0x080009e3   Thumb Code    32  _printf_char_common.o(.text)
    ferror                                   0x08000a09   Thumb Code     8  ferror.o(.text)
    __user_setup_stackheap                   0x08000a11   Thumb Code    74  sys_stackheap_outer.o(.text)
    exit                                     0x08000a5b   Thumb Code    18  exit.o(.text)
    __user_libspace                          0x08000a6d   Thumb Code     8  libspace.o(.text)
    __user_perproc_libspace                  0x08000a6d   Thumb Code     0  libspace.o(.text)
    __user_perthread_libspace                0x08000a6d   Thumb Code     0  libspace.o(.text)
    AFE4490_Init_2                           0x08000a75   Thumb Code   140  afe4490.o(i.AFE4490_Init_2)
    AFE4490_Reg_Init_2                       0x08000b0d   Thumb Code   350  afe4490.o(i.AFE4490_Reg_Init_2)
    AFE4490_SPI2_Init                        0x08000c71   Thumb Code    48  afe4490.o(i.AFE4490_SPI2_Init)
    BusFault_Handler                         0x08000ca5   Thumb Code     4  stm32h7xx_it.o(i.BusFault_Handler)
    Cache_Enable                             0x08000ca9   Thumb Code    24  sys.o(i.Cache_Enable)
    DebugMon_Handler                         0x08000cc5   Thumb Code     2  stm32h7xx_it.o(i.DebugMon_Handler)
    FMC_NAND_AttributeSpace_Timing_Init      0x08000cc7   Thumb Code    40  stm32h7xx_ll_fmc.o(i.FMC_NAND_AttributeSpace_Timing_Init)
    FMC_NAND_CommonSpace_Timing_Init         0x08000cef   Thumb Code    40  stm32h7xx_ll_fmc.o(i.FMC_NAND_CommonSpace_Timing_Init)
    FMC_NAND_Init                            0x08000d19   Thumb Code    46  stm32h7xx_ll_fmc.o(i.FMC_NAND_Init)
    FMC_NORSRAM_Extended_Timing_Init         0x08000d4d   Thumb Code    66  stm32h7xx_ll_fmc.o(i.FMC_NORSRAM_Extended_Timing_Init)
    FMC_NORSRAM_Init                         0x08000d95   Thumb Code   124  stm32h7xx_ll_fmc.o(i.FMC_NORSRAM_Init)
    FMC_NORSRAM_Timing_Init                  0x08000e15   Thumb Code    94  stm32h7xx_ll_fmc.o(i.FMC_NORSRAM_Timing_Init)
    FMC_SDRAM_Init                           0x08000e73   Thumb Code   116  stm32h7xx_ll_fmc.o(i.FMC_SDRAM_Init)
    FMC_SDRAM_ProgramRefreshRate             0x08000ee7   Thumb Code    14  stm32h7xx_ll_fmc.o(i.FMC_SDRAM_ProgramRefreshRate)
    FMC_SDRAM_SendCommand                    0x08000ef5   Thumb Code    38  stm32h7xx_ll_fmc.o(i.FMC_SDRAM_SendCommand)
    FMC_SDRAM_Timing_Init                    0x08000f1d   Thumb Code   152  stm32h7xx_ll_fmc.o(i.FMC_SDRAM_Timing_Init)
    FTL_BadBlockMark                         0x08000fb9   Thumb Code    48  ftl.o(i.FTL_BadBlockMark)
    FTL_BlockCompare                         0x08000fed   Thumb Code   216  ftl.o(i.FTL_BlockCompare)
    FTL_CheckBadBlock                        0x080010f9   Thumb Code    72  ftl.o(i.FTL_CheckBadBlock)
    FTL_CopyAndWriteToBlock                  0x08001145   Thumb Code   264  ftl.o(i.FTL_CopyAndWriteToBlock)
    FTL_CreateLUT                            0x08001251   Thumb Code   208  ftl.o(i.FTL_CreateLUT)
    FTL_FindSamePlaneUnusedBlock             0x0800133d   Thumb Code   104  ftl.o(i.FTL_FindSamePlaneUnusedBlock)
    FTL_FindUnusedBlock                      0x080013ad   Thumb Code    66  ftl.o(i.FTL_FindUnusedBlock)
    FTL_Format                               0x080013f5   Thumb Code   188  ftl.o(i.FTL_Format)
    FTL_Init                                 0x080014d9   Thumb Code   138  ftl.o(i.FTL_Init)
    FTL_LBNToPBN                             0x080015d9   Thumb Code    30  ftl.o(i.FTL_LBNToPBN)
    FTL_ReadSectors                          0x080015fd   Thumb Code   332  ftl.o(i.FTL_ReadSectors)
    FTL_UsedBlockMark                        0x0800174d   Thumb Code    34  ftl.o(i.FTL_UsedBlockMark)
    FTL_WriteSectors                         0x08001775   Thumb Code   370  ftl.o(i.FTL_WriteSectors)
    HAL_DMA_Abort_IT                         0x080018ed   Thumb Code   236  stm32h7xx_hal_dma.o(i.HAL_DMA_Abort_IT)
    HAL_EnableCompensationCell               0x080019e5   Thumb Code    14  stm32h7xx_hal.o(i.HAL_EnableCompensationCell)
    HAL_GPIO_Init                            0x080019f9   Thumb Code   534  stm32h7xx_hal_gpio.o(i.HAL_GPIO_Init)
    HAL_GPIO_ReadPin                         0x08001c45   Thumb Code    16  stm32h7xx_hal_gpio.o(i.HAL_GPIO_ReadPin)
    HAL_GPIO_WritePin                        0x08001c55   Thumb Code    10  stm32h7xx_hal_gpio.o(i.HAL_GPIO_WritePin)
    HAL_GetTick                              0x08001c61   Thumb Code     6  stm32h7xx_hal.o(i.HAL_GetTick)
    HAL_IncTick                              0x08001c6d   Thumb Code    16  stm32h7xx_hal.o(i.HAL_IncTick)
    HAL_Init                                 0x08001c85   Thumb Code    28  stm32h7xx_hal.o(i.HAL_Init)
    HAL_InitTick                             0x08001ca1   Thumb Code    64  stm32h7xx_hal.o(i.HAL_InitTick)
    HAL_LTDC_ConfigLayer                     0x08001ced   Thumb Code    94  stm32h7xx_hal_ltdc.o(i.HAL_LTDC_ConfigLayer)
    HAL_LTDC_Init                            0x08001d4d   Thumb Code   278  stm32h7xx_hal_ltdc.o(i.HAL_LTDC_Init)
    HAL_LTDC_MspInit                         0x08001e69   Thumb Code   300  ltdc.o(i.HAL_LTDC_MspInit)
    HAL_LTDC_SetWindowPosition               0x08001fad   Thumb Code   108  stm32h7xx_hal_ltdc.o(i.HAL_LTDC_SetWindowPosition)
    HAL_LTDC_SetWindowSize                   0x08002019   Thumb Code   108  stm32h7xx_hal_ltdc.o(i.HAL_LTDC_SetWindowSize)
    HAL_MPU_ConfigRegion                     0x08002085   Thumb Code    88  stm32h7xx_hal_cortex.o(i.HAL_MPU_ConfigRegion)
    HAL_MPU_Disable                          0x080020e1   Thumb Code    38  stm32h7xx_hal_cortex.o(i.HAL_MPU_Disable)
    HAL_MPU_Enable                           0x0800210d   Thumb Code    58  stm32h7xx_hal_cortex.o(i.HAL_MPU_Enable)
    HAL_MspInit                              0x0800214d   Thumb Code     2  stm32h7xx_hal_msp.o(i.HAL_MspInit)
    HAL_NAND_Init                            0x08002151   Thumb Code    94  stm32h7xx_hal_nand.o(i.HAL_NAND_Init)
    HAL_NAND_MspInit                         0x080021b5   Thumb Code   208  nand.o(i.HAL_NAND_MspInit)
    HAL_NVIC_EnableIRQ                       0x08002295   Thumb Code    32  stm32h7xx_hal_cortex.o(i.HAL_NVIC_EnableIRQ)
    HAL_NVIC_SetPriority                     0x080022b5   Thumb Code   122  stm32h7xx_hal_cortex.o(i.HAL_NVIC_SetPriority)
    HAL_NVIC_SetPriorityGrouping             0x08002331   Thumb Code    32  stm32h7xx_hal_cortex.o(i.HAL_NVIC_SetPriorityGrouping)
    HAL_QSPI_Command                         0x08002359   Thumb Code   166  stm32h7xx_hal_qspi.o(i.HAL_QSPI_Command)
    HAL_QSPI_Init                            0x08002401   Thumb Code   244  stm32h7xx_hal_qspi.o(i.HAL_QSPI_Init)
    HAL_QSPI_MspInit                         0x080024fd   Thumb Code   174  qspi.o(i.HAL_QSPI_MspInit)
    HAL_QSPI_Receive                         0x080025b9   Thumb Code   226  stm32h7xx_hal_qspi.o(i.HAL_QSPI_Receive)
    HAL_QSPI_SetTimeout                      0x0800269b   Thumb Code     4  stm32h7xx_hal_qspi.o(i.HAL_QSPI_SetTimeout)
    HAL_QSPI_Transmit                        0x0800269f   Thumb Code   210  stm32h7xx_hal_qspi.o(i.HAL_QSPI_Transmit)
    HAL_RCCEx_GetD1SysClockFreq              0x08002771   Thumb Code    44  stm32h7xx_hal_rcc_ex.o(i.HAL_RCCEx_GetD1SysClockFreq)
    HAL_RCCEx_GetD3PCLK1Freq                 0x080027a9   Thumb Code    34  stm32h7xx_hal_rcc_ex.o(i.HAL_RCCEx_GetD3PCLK1Freq)
    HAL_RCCEx_GetPLL2ClockFreq               0x080027d5   Thumb Code   532  stm32h7xx_hal_rcc_ex.o(i.HAL_RCCEx_GetPLL2ClockFreq)
    HAL_RCCEx_GetPLL3ClockFreq               0x08002a01   Thumb Code   532  stm32h7xx_hal_rcc_ex.o(i.HAL_RCCEx_GetPLL3ClockFreq)
    HAL_RCCEx_PeriphCLKConfig                0x08002c2d   Thumb Code  2868  stm32h7xx_hal_rcc_ex.o(i.HAL_RCCEx_PeriphCLKConfig)
    HAL_RCC_ClockConfig                      0x08003765   Thumb Code   574  stm32h7xx_hal_rcc.o(i.HAL_RCC_ClockConfig)
    HAL_RCC_GetHCLKFreq                      0x080039b5   Thumb Code    42  stm32h7xx_hal_rcc.o(i.HAL_RCC_GetHCLKFreq)
    HAL_RCC_GetPCLK1Freq                     0x080039ed   Thumb Code    34  stm32h7xx_hal_rcc.o(i.HAL_RCC_GetPCLK1Freq)
    HAL_RCC_GetPCLK2Freq                     0x08003a19   Thumb Code    36  stm32h7xx_hal_rcc.o(i.HAL_RCC_GetPCLK2Freq)
    HAL_RCC_GetSysClockFreq                  0x08003a45   Thumb Code   556  stm32h7xx_hal_rcc.o(i.HAL_RCC_GetSysClockFreq)
    HAL_RCC_OscConfig                        0x08003c89   Thumb Code  1724  stm32h7xx_hal_rcc.o(i.HAL_RCC_OscConfig)
    HAL_SDRAM_Init                           0x0800434d   Thumb Code    76  stm32h7xx_hal_sdram.o(i.HAL_SDRAM_Init)
    HAL_SDRAM_MspInit                        0x0800439d   Thumb Code   290  sdram.o(i.HAL_SDRAM_MspInit)
    HAL_SDRAM_ProgramRefreshRate             0x080044d9   Thumb Code    40  stm32h7xx_hal_sdram.o(i.HAL_SDRAM_ProgramRefreshRate)
    HAL_SDRAM_SendCommand                    0x08004501   Thumb Code    58  stm32h7xx_hal_sdram.o(i.HAL_SDRAM_SendCommand)
    HAL_SPI_Init                             0x0800453d   Thumb Code   598  stm32h7xx_hal_spi.o(i.HAL_SPI_Init)
    HAL_SPI_MspInit                          0x080047a1   Thumb Code   116  spi.o(i.HAL_SPI_MspInit)
    HAL_SPI_TransmitReceive                  0x0800481d   Thumb Code   988  stm32h7xx_hal_spi.o(i.HAL_SPI_TransmitReceive)
    HAL_SRAM_Init                            0x08004bf9   Thumb Code   100  stm32h7xx_hal_sram.o(i.HAL_SRAM_Init)
    HAL_SRAM_MspInit                         0x08004c61   Thumb Code   140  lcd.o(i.HAL_SRAM_MspInit)
    HAL_SYSTICK_CLKSourceConfig              0x08004cf9   Thumb Code    40  stm32h7xx_hal_cortex.o(i.HAL_SYSTICK_CLKSourceConfig)
    HAL_SYSTICK_Config                       0x08004d21   Thumb Code    52  stm32h7xx_hal_cortex.o(i.HAL_SYSTICK_Config)
    HAL_TIM_Base_Init                        0x08004d55   Thumb Code    52  stm32h7xx_hal_tim.o(i.HAL_TIM_Base_Init)
    HAL_TIM_Base_MspInit                     0x08004d89   Thumb Code     2  stm32h7xx_hal_tim.o(i.HAL_TIM_Base_MspInit)
    HAL_TIM_Base_Start_IT                    0x08004d8b   Thumb Code    30  stm32h7xx_hal_tim.o(i.HAL_TIM_Base_Start_IT)
    HAL_UARTEx_WakeupCallback                0x08004da9   Thumb Code     2  stm32h7xx_hal_uart_ex.o(i.HAL_UARTEx_WakeupCallback)
    HAL_UART_ErrorCallback                   0x08004dab   Thumb Code     2  stm32h7xx_hal_uart.o(i.HAL_UART_ErrorCallback)
    HAL_UART_GetState                        0x08004dad   Thumb Code    20  stm32h7xx_hal_uart.o(i.HAL_UART_GetState)
    HAL_UART_IRQHandler                      0x08004dc1   Thumb Code   434  stm32h7xx_hal_uart.o(i.HAL_UART_IRQHandler)
    HAL_UART_Init                            0x08004f7d   Thumb Code   120  stm32h7xx_hal_uart.o(i.HAL_UART_Init)
    HAL_UART_MspInit                         0x08004ff5   Thumb Code   138  usart.o(i.HAL_UART_MspInit)
    HAL_UART_Receive_IT                      0x0800508d   Thumb Code   224  stm32h7xx_hal_uart.o(i.HAL_UART_Receive_IT)
    HAL_UART_RxCpltCallback                  0x0800516d   Thumb Code   120  usart.o(i.HAL_UART_RxCpltCallback)
    HAL_UART_TxCpltCallback                  0x080051f5   Thumb Code     2  stm32h7xx_hal_uart.o(i.HAL_UART_TxCpltCallback)
    HardFault_Handler                        0x080051f7   Thumb Code     4  stm32h7xx_it.o(i.HardFault_Handler)
    KEY_Init                                 0x080051fd   Thumb Code   110  key.o(i.KEY_Init)
    LCD_Clear                                0x08005279   Thumb Code    58  lcd.o(i.LCD_Clear)
    LCD_Display_Dir                          0x080052c1   Thumb Code   376  lcd.o(i.LCD_Display_Dir)
    LCD_Init                                 0x08005441   Thumb Code  9292  lcd.o(i.LCD_Init)
    LCD_MPU_Config                           0x080078a5   Thumb Code    80  lcd.o(i.LCD_MPU_Config)
    LCD_RD_DATA                              0x080078f5   Thumb Code    14  lcd.o(i.LCD_RD_DATA)
    LCD_SSD_BackLightSet                     0x08007909   Thumb Code    72  lcd.o(i.LCD_SSD_BackLightSet)
    LCD_Scan_Dir                             0x08007959   Thumb Code   624  lcd.o(i.LCD_Scan_Dir)
    LCD_SetCursor                            0x08007bcd   Thumb Code   306  lcd.o(i.LCD_SetCursor)
    LCD_WR_DATA                              0x08007d05   Thumb Code    18  lcd.o(i.LCD_WR_DATA)
    LCD_WR_REG                               0x08007d1d   Thumb Code    18  lcd.o(i.LCD_WR_REG)
    LCD_WriteRAM_Prepare                     0x08007d35   Thumb Code    10  lcd.o(i.LCD_WriteRAM_Prepare)
    LCD_WriteReg                             0x08007d49   Thumb Code    10  lcd.o(i.LCD_WriteReg)
    LED_Init                                 0x08007d59   Thumb Code    78  led.o(i.LED_Init)
    LTDC_Clear                               0x08007db1   Thumb Code    32  ltdc.o(i.LTDC_Clear)
    LTDC_Clk_Set                             0x08007dd5   Thumb Code    46  ltdc.o(i.LTDC_Clk_Set)
    LTDC_Display_Dir                         0x08007e05   Thumb Code    40  ltdc.o(i.LTDC_Display_Dir)
    LTDC_Fill                                0x08007e31   Thumb Code   310  ltdc.o(i.LTDC_Fill)
    LTDC_Init                                0x08007f79   Thumb Code   990  ltdc.o(i.LTDC_Init)
    LTDC_Layer_Parameter_Config              0x08008375   Thumb Code   114  ltdc.o(i.LTDC_Layer_Parameter_Config)
    LTDC_Layer_Window_Config                 0x080083f1   Thumb Code    44  ltdc.o(i.LTDC_Layer_Window_Config)
    LTDC_PanelID_Read                        0x08008421   Thumb Code   198  ltdc.o(i.LTDC_PanelID_Read)
    LTDC_Select_Layer                        0x080084f5   Thumb Code     6  ltdc.o(i.LTDC_Select_Layer)
    MPU_Memory_Protection                    0x08008713   Thumb Code    48  mpu.o(i.MPU_Memory_Protection)
    MPU_Set_Protection                       0x08008743   Thumb Code    94  mpu.o(i.MPU_Set_Protection)
    NAND_CopyPageWithWrite                   0x080087a1   Thumb Code   502  nand.o(i.NAND_CopyPageWithWrite)
    NAND_CopyPageWithoutWrite                0x080089a9   Thumb Code   180  nand.o(i.NAND_CopyPageWithoutWrite)
    NAND_Delay                               0x08008a69   Thumb Code    18  nand.o(i.NAND_Delay)
    NAND_ECC_Correction                      0x08008a7d   Thumb Code   152  nand.o(i.NAND_ECC_Correction)
    NAND_ECC_Get_OE                          0x08008b41   Thumb Code    58  nand.o(i.NAND_ECC_Get_OE)
    NAND_EraseBlock                          0x08008b7d   Thumb Code    70  nand.o(i.NAND_EraseBlock)
    NAND_EraseChip                           0x08008bd9   Thumb Code    42  nand.o(i.NAND_EraseChip)
    NAND_Init                                0x08008c2d   Thumb Code   196  nand.o(i.NAND_Init)
    NAND_MPU_Config                          0x08008d15   Thumb Code    78  nand.o(i.NAND_MPU_Config)
    NAND_ModeSet                             0x08008d65   Thumb Code    46  nand.o(i.NAND_ModeSet)
    NAND_ReadID                              0x08008d9d   Thumb Code    86  nand.o(i.NAND_ReadID)
    NAND_ReadPage                            0x08008dfd   Thumb Code   578  nand.o(i.NAND_ReadPage)
    NAND_ReadPageComp                        0x08009099   Thumb Code   134  nand.o(i.NAND_ReadPageComp)
    NAND_ReadSpare                           0x08009129   Thumb Code    58  nand.o(i.NAND_ReadSpare)
    NAND_ReadStatus                          0x08009169   Thumb Code    74  nand.o(i.NAND_ReadStatus)
    NAND_Reset                               0x080091b9   Thumb Code    24  nand.o(i.NAND_Reset)
    NAND_WaitForReady                        0x080091d5   Thumb Code    50  nand.o(i.NAND_WaitForReady)
    NAND_WaitRB                              0x0800920d   Thumb Code    56  nand.o(i.NAND_WaitRB)
    NAND_WritePage                           0x08009249   Thumb Code   370  nand.o(i.NAND_WritePage)
    NAND_WritePageConst                      0x080093cd   Thumb Code    92  nand.o(i.NAND_WritePageConst)
    NAND_WriteSpare                          0x08009431   Thumb Code    58  nand.o(i.NAND_WriteSpare)
    NMI_Handler                              0x08009471   Thumb Code     2  stm32h7xx_it.o(i.NMI_Handler)
    PendSV_Handler                           0x08009473   Thumb Code     2  stm32h7xx_it.o(i.PendSV_Handler)
    QSPI_Init                                0x080096c1   Thumb Code    68  qspi.o(i.QSPI_Init)
    QSPI_Receive                             0x0800970d   Thumb Code    36  qspi.o(i.QSPI_Receive)
    QSPI_Send_CMD                            0x08009735   Thumb Code    70  qspi.o(i.QSPI_Send_CMD)
    QSPI_Transmit                            0x08009781   Thumb Code    36  qspi.o(i.QSPI_Transmit)
    SDRAM_Init                               0x08009b6d   Thumb Code    94  sdram.o(i.SDRAM_Init)
    SDRAM_Initialization_Sequence            0x08009bd5   Thumb Code    78  sdram.o(i.SDRAM_Initialization_Sequence)
    SDRAM_Send_Cmd                           0x08009c29   Thumb Code    68  sdram.o(i.SDRAM_Send_Cmd)
    SPI2_Init                                0x08009c71   Thumb Code    94  spi.o(i.SPI2_Init)
    SPI2_ReadWriteByte                       0x08009cd9   Thumb Code    28  spi.o(i.SPI2_ReadWriteByte)
    SVC_Handler                              0x08009e4f   Thumb Code     2  stm32h7xx_it.o(i.SVC_Handler)
    Stm32_Clock_Init                         0x08009e51   Thumb Code   238  sys.o(i.Stm32_Clock_Init)
    SysTick_Handler                          0x08009f49   Thumb Code     8  stm32h7xx_it.o(i.SysTick_Handler)
    SystemInit                               0x08009f51   Thumb Code   130  system_stm32h7xx.o(i.SystemInit)
    TIM4_IRQHandler                          0x08009fe5   Thumb Code    58  usmart.o(i.TIM4_IRQHandler)
    TIM_Base_SetConfig                       0x0800a029   Thumb Code   172  stm32h7xx_hal_tim.o(i.TIM_Base_SetConfig)
    Timer4_Init                              0x0800a0f5   Thumb Code    80  usmart.o(i.Timer4_Init)
    UART_AdvFeatureConfig                    0x0800a151   Thumb Code   234  stm32h7xx_hal_uart.o(i.UART_AdvFeatureConfig)
    UART_CheckIdleState                      0x0800a23b   Thumb Code   116  stm32h7xx_hal_uart.o(i.UART_CheckIdleState)
    UART_SetConfig                           0x0800a391   Thumb Code  2452  stm32h7xx_hal_uart.o(i.UART_SetConfig)
    UART_WaitOnFlagUntilTimeout              0x0800adb7   Thumb Code   108  stm32h7xx_hal_uart.o(i.UART_WaitOnFlagUntilTimeout)
    USART1_IRQHandler                        0x0800ae25   Thumb Code    66  usart.o(i.USART1_IRQHandler)
    UsageFault_Handler                       0x0800ae75   Thumb Code     4  stm32h7xx_it.o(i.UsageFault_Handler)
    W25QXX_Init                              0x0800ae79   Thumb Code   114  w25qxx.o(i.W25QXX_Init)
    W25QXX_Qspi_Enable                       0x0800aef1   Thumb Code    62  w25qxx.o(i.W25QXX_Qspi_Enable)
    W25QXX_ReadID                            0x0800af35   Thumb Code    90  w25qxx.o(i.W25QXX_ReadID)
    W25QXX_ReadSR                            0x0800af95   Thumb Code   110  w25qxx.o(i.W25QXX_ReadSR)
    W25QXX_Write_Enable                      0x0800b009   Thumb Code    56  w25qxx.o(i.W25QXX_Write_Enable)
    W25QXX_Write_SR                          0x0800b045   Thumb Code   104  w25qxx.o(i.W25QXX_Write_SR)
    _is_digit                                0x0800b0e9   Thumb Code    14  __printf_wp.o(i._is_digit)
    _sys_exit                                0x0800b0f7   Thumb Code     4  usart.o(i._sys_exit)
    afe4490_Read_2                           0x0800b0fd   Thumb Code    62  afe4490.o(i.afe4490_Read_2)
    afe4490_Write_2                          0x0800b141   Thumb Code    66  afe4490.o(i.afe4490_Write_2)
    delay_init                               0x0800b189   Thumb Code    16  delay.o(i.delay_init)
    delay_ms                                 0x0800b19d   Thumb Code    24  delay.o(i.delay_ms)
    delay_us                                 0x0800b1b5   Thumb Code    68  delay.o(i.delay_us)
    fputc                                    0x0800b1fd   Thumb Code    22  usart.o(i.fputc)
    main                                     0x0800b219   Thumb Code   158  main.o(i.main)
    my_mem_free                              0x0800b2ed   Thumb Code    96  malloc.o(i.my_mem_free)
    my_mem_init                              0x0800b359   Thumb Code    34  malloc.o(i.my_mem_init)
    my_mem_malloc                            0x0800b385   Thumb Code   156  malloc.o(i.my_mem_malloc)
    my_mem_perused                           0x0800b42d   Thumb Code    56  malloc.o(i.my_mem_perused)
    myfree                                   0x0800b46d   Thumb Code    30  malloc.o(i.myfree)
    mymalloc                                 0x0800b491   Thumb Code    34  malloc.o(i.mymalloc)
    mymemset                                 0x0800b4b9   Thumb Code    20  malloc.o(i.mymemset)
    read_addr                                0x0800b4cd   Thumb Code     6  usmart.o(i.read_addr)
    test_copypageandwrite                    0x0800b4d3   Thumb Code    78  nandtester.o(i.test_copypageandwrite)
    test_ftlreadsectors                      0x0800b521   Thumb Code    98  nandtester.o(i.test_ftlreadsectors)
    test_ftlwritesectors                     0x0800b5a9   Thumb Code    72  nandtester.o(i.test_ftlwritesectors)
    test_readallblockinfo                    0x0800b5f1   Thumb Code    92  nandtester.o(i.test_readallblockinfo)
    test_readpage                            0x0800b675   Thumb Code    96  nandtester.o(i.test_readpage)
    test_readspare                           0x0800b6f9   Thumb Code    88  nandtester.o(i.test_readspare)
    test_writepage                           0x0800b775   Thumb Code    70  nandtester.o(i.test_writepage)
    uart_init                                0x0800b7bd   Thumb Code    44  usart.o(i.uart_init)
    usmart_cmd_rec                           0x0800b7f5   Thumb Code   170  usmart.o(i.usmart_cmd_rec)
    usmart_exe                               0x0800b8a5   Thumb Code   632  usmart.o(i.usmart_exe)
    usmart_get_aparm                         0x0800bb79   Thumb Code   212  usmart_str.o(i.usmart_get_aparm)
    usmart_get_cmdname                       0x0800bc4d   Thumb Code    54  usmart_str.o(i.usmart_get_cmdname)
    usmart_get_fname                         0x0800bc85   Thumb Code   440  usmart_str.o(i.usmart_get_fname)
    usmart_get_fparam                        0x0800be45   Thumb Code   262  usmart_str.o(i.usmart_get_fparam)
    usmart_get_parmpos                       0x0800bf51   Thumb Code    26  usmart_str.o(i.usmart_get_parmpos)
    usmart_get_runtime                       0x0800bf71   Thumb Code    58  usmart.o(i.usmart_get_runtime)
    usmart_init                              0x0800bfb5   Thumb Code    36  usmart.o(i.usmart_init)
    usmart_pow                               0x0800bfdd   Thumb Code    22  usmart_str.o(i.usmart_pow)
    usmart_reset_runtime                     0x0800bff5   Thumb Code    44  usmart.o(i.usmart_reset_runtime)
    usmart_scan                              0x0800c029   Thumb Code   120  usmart.o(i.usmart_scan)
    usmart_search_nextc                      0x0800c0e5   Thumb Code    22  usmart_str.o(i.usmart_search_nextc)
    usmart_str2num                           0x0800c0fb   Thumb Code   262  usmart_str.o(i.usmart_str2num)
    usmart_strcmp                            0x0800c201   Thumb Code    34  usmart_str.o(i.usmart_strcmp)
    usmart_strcopy                           0x0800c223   Thumb Code    22  usmart_str.o(i.usmart_strcopy)
    usmart_strlen                            0x0800c239   Thumb Code    24  usmart_str.o(i.usmart_strlen)
    usmart_sys_cmd_exe                       0x0800c251   Thumb Code  1570  usmart.o(i.usmart_sys_cmd_exe)
    write_addr                               0x0800c945   Thumb Code     4  usmart.o(i.write_addr)
    _fp_init                                 0x0800c949   Thumb Code    10  fpinit.o(x$fpl$fpinit)
    __fplib_config_fpu_vfp                   0x0800c951   Thumb Code     0  fpinit.o(x$fpl$fpinit)
    __fplib_config_pureend_doubles           0x0800c951   Thumb Code     0  fpinit.o(x$fpl$fpinit)
    D1CorePrescTable                         0x0800c982   Data          16  system_stm32h7xx.o(.constdata)
    memtblsize                               0x0800c9f4   Data          24  malloc.o(.constdata)
    memblksize                               0x0800ca0c   Data          24  malloc.o(.constdata)
    memsize                                  0x0800ca24   Data          24  malloc.o(.constdata)
    Region$$Table$$Base                      0x0800ce40   Number         0  anon$$obj.o(Region$$Table)
    Region$$Table$$Limit                     0x0800ce60   Number         0  anon$$obj.o(Region$$Table)
    mem5base                                 0x20000000   Data       122880  malloc.o(.ARM.__AT_0x20000000)
    mem5mapbase                              0x2001e000   Data        7680  malloc.o(.ARM.__AT_0x2001E000)
    IRtemp                                   0x24000000   Data           4  main.o(.data)
    REDtemp                                  0x24000004   Data           4  main.o(.data)
    SystemCoreClock                          0x24000008   Data           4  system_stm32h7xx.o(.data)
    SystemD2Clock                            0x2400000c   Data           4  system_stm32h7xx.o(.data)
    __stdout                                 0x24000014   Data           4  usart.o(.data)
    USART_RX_STA                             0x24000018   Data           2  usart.o(.data)
    aRxBuffer                                0x2400001a   Data           1  usart.o(.data)
    ltdc_framebuf                            0x24000028   Data           8  ltdc.o(.data)
    W25QXX_TYPE                              0x24000034   Data           2  w25qxx.o(.data)
    W25QXX_QPI_MODE                          0x24000036   Data           1  w25qxx.o(.data)
    mallco_dev                               0x24000038   Data          64  malloc.o(.data)
    sys_cmd_tab                              0x24000078   Data          28  usmart.o(.data)
    usmart_nametab                           0x24000094   Data         184  usmart_config.o(.data)
    usmart_dev                               0x2400014c   Data         244  usmart_config.o(.data)
    USART_RX_BUF                             0x24000240   Data         200  usart.o(.bss)
    UART1_Handler                            0x24000308   Data         128  usart.o(.bss)
    SDRAM_Handler                            0x24000388   Data          52  sdram.o(.bss)
    SRAM_Handler                             0x240003bc   Data          76  lcd.o(.bss)
    lcddev                                   0x24000408   Data          14  lcd.o(.bss)
    LTDC_Handler                             0x24000418   Data         168  ltdc.o(.bss)
    DMA2D_Handler                            0x240004c0   Data          96  ltdc.o(.bss)
    lcdltdc                                  0x24000520   Data          32  ltdc.o(.bss)
    NAND_Handler                             0x24000540   Data          64  nand.o(.bss)
    nand_dev                                 0x24000580   Data          92  nand.o(.bss)
    QSPI_Handler                             0x240005dc   Data          76  qspi.o(.bss)
    SPI2_Handler                             0x24000628   Data         136  spi.o(.bss)
    mem1base                                 0x240006c0   Data       458752  malloc.o(.bss)
    mem1mapbase                              0x240706c0   Data       28672  malloc.o(.bss)
    TIM4_Handler                             0x240776c0   Data          64  usmart.o(.bss)
    __libspace_start                         0x24077700   Data          96  libspace.o(.bss)
    __temporary_stack_top$libspace           0x24077760   Data           0  libspace.o(.bss)
    mem3base                                 0x30000000   Data       245760  malloc.o(.ARM.__AT_0x30000000)
    mem3mapbase                              0x3003c000   Data       15360  malloc.o(.ARM.__AT_0x3003C000)
    mem4base                                 0x38000000   Data       61440  malloc.o(.ARM.__AT_0x38000000)
    mem4mapbase                              0x3800f000   Data        3840  malloc.o(.ARM.__AT_0x3800F000)
    ltdc_lcd_framebuf                        0xc0000000   Data       2048000  ltdc.o(.ARM.__AT_0xC0000000)
    mem2base                                 0xc01f4000   Data       29605888  malloc.o(.ARM.__AT_0xC01F4000)
    mem2mapbase                              0xc1e30000   Data       1850368  malloc.o(.ARM.__AT_0xC1E30000)



==============================================================================

Memory Map of the image

  Image Entry point : 0x08000299

  Load Region LR_IROM1 (Base: 0x08000000, Size: 0x0000d0a0, Max: 0x00200000, ABSOLUTE, COMPRESSED[0x0000cf60])

    Execution Region ER_IROM1 (Exec base: 0x08000000, Load base: 0x08000000, Size: 0x0000ce60, Max: 0x00200000, ABSOLUTE)

    Exec Addr    Load Addr    Size         Type   Attr      Idx    E Section Name        Object

    0x08000000   0x08000000   0x00000298   Data   RO          530    RESET               startup_stm32h743xx.o
    0x08000298   0x08000298   0x00000008   Code   RO         8652  * !!!main             c_w.l(__main.o)
    0x080002a0   0x080002a0   0x00000034   Code   RO         8837    !!!scatter          c_w.l(__scatter.o)
    0x080002d4   0x080002d4   0x0000005a   Code   RO         8835    !!dczerorl2         c_w.l(__dczerorl2.o)
    0x0800032e   0x0800032e   0x00000002   PAD
    0x08000330   0x08000330   0x0000001c   Code   RO         8839    !!handler_zi        c_w.l(__scatter_zi.o)
    0x0800034c   0x0800034c   0x00000000   Code   RO         8632    .ARM.Collect$$_printf_percent$$00000000  c_w.l(_printf_percent.o)
    0x0800034c   0x0800034c   0x00000006   Code   RO         8630    .ARM.Collect$$_printf_percent$$00000009  c_w.l(_printf_d.o)
    0x08000352   0x08000352   0x00000006   Code   RO         8631    .ARM.Collect$$_printf_percent$$0000000A  c_w.l(_printf_u.o)
    0x08000358   0x08000358   0x00000006   Code   RO         8629    .ARM.Collect$$_printf_percent$$0000000C  c_w.l(_printf_x.o)
    0x0800035e   0x0800035e   0x00000006   Code   RO         8627    .ARM.Collect$$_printf_percent$$00000013  c_w.l(_printf_c.o)
    0x08000364   0x08000364   0x00000006   Code   RO         8628    .ARM.Collect$$_printf_percent$$00000014  c_w.l(_printf_s.o)
    0x0800036a   0x0800036a   0x00000004   Code   RO         8667    .ARM.Collect$$_printf_percent$$00000017  c_w.l(_printf_percent_end.o)
    0x0800036e   0x0800036e   0x00000002   Code   RO         8707    .ARM.Collect$$libinit$$00000000  c_w.l(libinit.o)
    0x08000370   0x08000370   0x00000004   Code   RO         8719    .ARM.Collect$$libinit$$00000001  c_w.l(libinit2.o)
    0x08000374   0x08000374   0x00000000   Code   RO         8722    .ARM.Collect$$libinit$$00000004  c_w.l(libinit2.o)
    0x08000374   0x08000374   0x00000000   Code   RO         8725    .ARM.Collect$$libinit$$0000000A  c_w.l(libinit2.o)
    0x08000374   0x08000374   0x00000000   Code   RO         8727    .ARM.Collect$$libinit$$0000000C  c_w.l(libinit2.o)
    0x08000374   0x08000374   0x00000000   Code   RO         8729    .ARM.Collect$$libinit$$0000000E  c_w.l(libinit2.o)
    0x08000374   0x08000374   0x00000000   Code   RO         8732    .ARM.Collect$$libinit$$00000011  c_w.l(libinit2.o)
    0x08000374   0x08000374   0x00000000   Code   RO         8734    .ARM.Collect$$libinit$$00000013  c_w.l(libinit2.o)
    0x08000374   0x08000374   0x00000000   Code   RO         8736    .ARM.Collect$$libinit$$00000015  c_w.l(libinit2.o)
    0x08000374   0x08000374   0x00000000   Code   RO         8738    .ARM.Collect$$libinit$$00000017  c_w.l(libinit2.o)
    0x08000374   0x08000374   0x00000000   Code   RO         8740    .ARM.Collect$$libinit$$00000019  c_w.l(libinit2.o)
    0x08000374   0x08000374   0x00000000   Code   RO         8742    .ARM.Collect$$libinit$$0000001B  c_w.l(libinit2.o)
    0x08000374   0x08000374   0x00000000   Code   RO         8744    .ARM.Collect$$libinit$$0000001D  c_w.l(libinit2.o)
    0x08000374   0x08000374   0x00000000   Code   RO         8746    .ARM.Collect$$libinit$$0000001F  c_w.l(libinit2.o)
    0x08000374   0x08000374   0x00000000   Code   RO         8748    .ARM.Collect$$libinit$$00000021  c_w.l(libinit2.o)
    0x08000374   0x08000374   0x00000000   Code   RO         8750    .ARM.Collect$$libinit$$00000023  c_w.l(libinit2.o)
    0x08000374   0x08000374   0x00000000   Code   RO         8752    .ARM.Collect$$libinit$$00000025  c_w.l(libinit2.o)
    0x08000374   0x08000374   0x00000000   Code   RO         8756    .ARM.Collect$$libinit$$0000002C  c_w.l(libinit2.o)
    0x08000374   0x08000374   0x00000000   Code   RO         8758    .ARM.Collect$$libinit$$0000002E  c_w.l(libinit2.o)
    0x08000374   0x08000374   0x00000000   Code   RO         8760    .ARM.Collect$$libinit$$00000030  c_w.l(libinit2.o)
    0x08000374   0x08000374   0x00000000   Code   RO         8762    .ARM.Collect$$libinit$$00000032  c_w.l(libinit2.o)
    0x08000374   0x08000374   0x00000002   Code   RO         8763    .ARM.Collect$$libinit$$00000033  c_w.l(libinit2.o)
    0x08000376   0x08000376   0x00000002   Code   RO         8789    .ARM.Collect$$libshutdown$$00000000  c_w.l(libshutdown.o)
    0x08000378   0x08000378   0x00000000   Code   RO         8818    .ARM.Collect$$libshutdown$$00000002  c_w.l(libshutdown2.o)
    0x08000378   0x08000378   0x00000000   Code   RO         8820    .ARM.Collect$$libshutdown$$00000004  c_w.l(libshutdown2.o)
    0x08000378   0x08000378   0x00000000   Code   RO         8823    .ARM.Collect$$libshutdown$$00000007  c_w.l(libshutdown2.o)
    0x08000378   0x08000378   0x00000000   Code   RO         8826    .ARM.Collect$$libshutdown$$0000000A  c_w.l(libshutdown2.o)
    0x08000378   0x08000378   0x00000000   Code   RO         8828    .ARM.Collect$$libshutdown$$0000000C  c_w.l(libshutdown2.o)
    0x08000378   0x08000378   0x00000000   Code   RO         8831    .ARM.Collect$$libshutdown$$0000000F  c_w.l(libshutdown2.o)
    0x08000378   0x08000378   0x00000002   Code   RO         8832    .ARM.Collect$$libshutdown$$00000010  c_w.l(libshutdown2.o)
    0x0800037a   0x0800037a   0x00000000   Code   RO         8654    .ARM.Collect$$rtentry$$00000000  c_w.l(__rtentry.o)
    0x0800037a   0x0800037a   0x00000000   Code   RO         8670    .ARM.Collect$$rtentry$$00000002  c_w.l(__rtentry2.o)
    0x0800037a   0x0800037a   0x00000006   Code   RO         8682    .ARM.Collect$$rtentry$$00000004  c_w.l(__rtentry4.o)
    0x08000380   0x08000380   0x00000000   Code   RO         8672    .ARM.Collect$$rtentry$$00000009  c_w.l(__rtentry2.o)
    0x08000380   0x08000380   0x00000004   Code   RO         8673    .ARM.Collect$$rtentry$$0000000A  c_w.l(__rtentry2.o)
    0x08000384   0x08000384   0x00000000   Code   RO         8675    .ARM.Collect$$rtentry$$0000000C  c_w.l(__rtentry2.o)
    0x08000384   0x08000384   0x00000008   Code   RO         8676    .ARM.Collect$$rtentry$$0000000D  c_w.l(__rtentry2.o)
    0x0800038c   0x0800038c   0x00000002   Code   RO         8711    .ARM.Collect$$rtexit$$00000000  c_w.l(rtexit.o)
    0x0800038e   0x0800038e   0x00000000   Code   RO         8765    .ARM.Collect$$rtexit$$00000002  c_w.l(rtexit2.o)
    0x0800038e   0x0800038e   0x00000004   Code   RO         8766    .ARM.Collect$$rtexit$$00000003  c_w.l(rtexit2.o)
    0x08000392   0x08000392   0x00000006   Code   RO         8767    .ARM.Collect$$rtexit$$00000004  c_w.l(rtexit2.o)
    0x08000398   0x08000398   0x00000040   Code   RO          531    .text               startup_stm32h743xx.o
    0x080003d8   0x080003d8   0x000000ee   Code   RO         8568    .text               c_w.l(lludivv7m.o)
    0x080004c6   0x080004c6   0x00000002   PAD
    0x080004c8   0x080004c8   0x00000018   Code   RO         8574    .text               c_w.l(noretval__2printf.o)
    0x080004e0   0x080004e0   0x0000004e   Code   RO         8578    .text               c_w.l(_printf_pad.o)
    0x0800052e   0x0800052e   0x00000052   Code   RO         8580    .text               c_w.l(_printf_str.o)
    0x08000580   0x08000580   0x00000078   Code   RO         8582    .text               c_w.l(_printf_dec.o)
    0x080005f8   0x080005f8   0x00000058   Code   RO         8589    .text               c_w.l(_printf_hex_int.o)
    0x08000650   0x08000650   0x00000188   Code   RO         8624    .text               c_w.l(__printf_flags_ss_wp.o)
    0x080007d8   0x080007d8   0x00000064   Code   RO         8642    .text               c_w.l(rt_memcpy_w.o)
    0x0800083c   0x0800083c   0x00000044   Code   RO         8644    .text               c_w.l(rt_memclr.o)
    0x08000880   0x08000880   0x0000004e   Code   RO         8646    .text               c_w.l(rt_memclr_w.o)
    0x080008ce   0x080008ce   0x00000006   Code   RO         8650    .text               c_w.l(heapauxi.o)
    0x080008d4   0x080008d4   0x000000b2   Code   RO         8661    .text               c_w.l(_printf_intcommon.o)
    0x08000986   0x08000986   0x0000002c   Code   RO         8663    .text               c_w.l(_printf_char.o)
    0x080009b2   0x080009b2   0x00000002   PAD
    0x080009b4   0x080009b4   0x00000024   Code   RO         8665    .text               c_w.l(_printf_char_file.o)
    0x080009d8   0x080009d8   0x00000030   Code   RO         8686    .text               c_w.l(_printf_char_common.o)
    0x08000a08   0x08000a08   0x00000008   Code   RO         8688    .text               c_w.l(ferror.o)
    0x08000a10   0x08000a10   0x0000004a   Code   RO         8692    .text               c_w.l(sys_stackheap_outer.o)
    0x08000a5a   0x08000a5a   0x00000012   Code   RO         8696    .text               c_w.l(exit.o)
    0x08000a6c   0x08000a6c   0x00000008   Code   RO         8708    .text               c_w.l(libspace.o)
    0x08000a74   0x08000a74   0x00000098   Code   RO         7365    i.AFE4490_Init_2    afe4490.o
    0x08000b0c   0x08000b0c   0x00000164   Code   RO         7366    i.AFE4490_Reg_Init_2  afe4490.o
    0x08000c70   0x08000c70   0x00000034   Code   RO         7367    i.AFE4490_SPI2_Init  afe4490.o
    0x08000ca4   0x08000ca4   0x00000004   Code   RO          388    i.BusFault_Handler  stm32h7xx_it.o
    0x08000ca8   0x08000ca8   0x0000001c   Code   RO          578    i.Cache_Enable      sys.o
    0x08000cc4   0x08000cc4   0x00000002   Code   RO          389    i.DebugMon_Handler  stm32h7xx_it.o
    0x08000cc6   0x08000cc6   0x00000028   Code   RO         3810    i.FMC_NAND_AttributeSpace_Timing_Init  stm32h7xx_ll_fmc.o
    0x08000cee   0x08000cee   0x00000028   Code   RO         3811    i.FMC_NAND_CommonSpace_Timing_Init  stm32h7xx_ll_fmc.o
    0x08000d16   0x08000d16   0x00000002   PAD
    0x08000d18   0x08000d18   0x00000034   Code   RO         3816    i.FMC_NAND_Init     stm32h7xx_ll_fmc.o
    0x08000d4c   0x08000d4c   0x00000048   Code   RO         3818    i.FMC_NORSRAM_Extended_Timing_Init  stm32h7xx_ll_fmc.o
    0x08000d94   0x08000d94   0x00000080   Code   RO         3819    i.FMC_NORSRAM_Init  stm32h7xx_ll_fmc.o
    0x08000e14   0x08000e14   0x0000005e   Code   RO         3820    i.FMC_NORSRAM_Timing_Init  stm32h7xx_ll_fmc.o
    0x08000e72   0x08000e72   0x00000074   Code   RO         3825    i.FMC_SDRAM_Init    stm32h7xx_ll_fmc.o
    0x08000ee6   0x08000ee6   0x0000000e   Code   RO         3826    i.FMC_SDRAM_ProgramRefreshRate  stm32h7xx_ll_fmc.o
    0x08000ef4   0x08000ef4   0x00000026   Code   RO         3827    i.FMC_SDRAM_SendCommand  stm32h7xx_ll_fmc.o
    0x08000f1a   0x08000f1a   0x00000002   PAD
    0x08000f1c   0x08000f1c   0x0000009c   Code   RO         3829    i.FMC_SDRAM_Timing_Init  stm32h7xx_ll_fmc.o
    0x08000fb8   0x08000fb8   0x00000034   Code   RO         6863    i.FTL_BadBlockMark  ftl.o
    0x08000fec   0x08000fec   0x0000010c   Code   RO         6864    i.FTL_BlockCompare  ftl.o
    0x080010f8   0x080010f8   0x0000004c   Code   RO         6865    i.FTL_CheckBadBlock  ftl.o
    0x08001144   0x08001144   0x0000010c   Code   RO         6866    i.FTL_CopyAndWriteToBlock  ftl.o
    0x08001250   0x08001250   0x000000ec   Code   RO         6867    i.FTL_CreateLUT     ftl.o
    0x0800133c   0x0800133c   0x00000070   Code   RO         6868    i.FTL_FindSamePlaneUnusedBlock  ftl.o
    0x080013ac   0x080013ac   0x00000048   Code   RO         6869    i.FTL_FindUnusedBlock  ftl.o
    0x080013f4   0x080013f4   0x000000e4   Code   RO         6870    i.FTL_Format        ftl.o
    0x080014d8   0x080014d8   0x00000100   Code   RO         6871    i.FTL_Init          ftl.o
    0x080015d8   0x080015d8   0x00000024   Code   RO         6872    i.FTL_LBNToPBN      ftl.o
    0x080015fc   0x080015fc   0x00000150   Code   RO         6873    i.FTL_ReadSectors   ftl.o
    0x0800174c   0x0800174c   0x00000028   Code   RO         6875    i.FTL_UsedBlockMark  ftl.o
    0x08001774   0x08001774   0x00000178   Code   RO         6876    i.FTL_WriteSectors  ftl.o
    0x080018ec   0x080018ec   0x000000f8   Code   RO         1174    i.HAL_DMA_Abort_IT  stm32h7xx_hal_dma.o
    0x080019e4   0x080019e4   0x00000014   Code   RO          721    i.HAL_EnableCompensationCell  stm32h7xx_hal.o
    0x080019f8   0x080019f8   0x0000024c   Code   RO         1361    i.HAL_GPIO_Init     stm32h7xx_hal_gpio.o
    0x08001c44   0x08001c44   0x00000010   Code   RO         1363    i.HAL_GPIO_ReadPin  stm32h7xx_hal_gpio.o
    0x08001c54   0x08001c54   0x0000000a   Code   RO         1365    i.HAL_GPIO_WritePin  stm32h7xx_hal_gpio.o
    0x08001c5e   0x08001c5e   0x00000002   PAD
    0x08001c60   0x08001c60   0x0000000c   Code   RO          728    i.HAL_GetTick       stm32h7xx_hal.o
    0x08001c6c   0x08001c6c   0x00000018   Code   RO          731    i.HAL_IncTick       stm32h7xx_hal.o
    0x08001c84   0x08001c84   0x0000001c   Code   RO          732    i.HAL_Init          stm32h7xx_hal.o
    0x08001ca0   0x08001ca0   0x0000004c   Code   RO          733    i.HAL_InitTick      stm32h7xx_hal.o
    0x08001cec   0x08001cec   0x0000005e   Code   RO         4245    i.HAL_LTDC_ConfigLayer  stm32h7xx_hal_ltdc.o
    0x08001d4a   0x08001d4a   0x00000002   PAD
    0x08001d4c   0x08001d4c   0x0000011c   Code   RO         4262    i.HAL_LTDC_Init     stm32h7xx_hal_ltdc.o
    0x08001e68   0x08001e68   0x00000144   Code   RO         6425    i.HAL_LTDC_MspInit  ltdc.o
    0x08001fac   0x08001fac   0x0000006c   Code   RO         4277    i.HAL_LTDC_SetWindowPosition  stm32h7xx_hal_ltdc.o
    0x08002018   0x08002018   0x0000006c   Code   RO         4279    i.HAL_LTDC_SetWindowSize  stm32h7xx_hal_ltdc.o
    0x08002084   0x08002084   0x0000005c   Code   RO         1021    i.HAL_MPU_ConfigRegion  stm32h7xx_hal_cortex.o
    0x080020e0   0x080020e0   0x0000002c   Code   RO         1022    i.HAL_MPU_Disable   stm32h7xx_hal_cortex.o
    0x0800210c   0x0800210c   0x00000040   Code   RO         1023    i.HAL_MPU_Enable    stm32h7xx_hal_cortex.o
    0x0800214c   0x0800214c   0x00000002   Code   RO          500    i.HAL_MspInit       stm32h7xx_hal_msp.o
    0x0800214e   0x0800214e   0x00000002   PAD
    0x08002150   0x08002150   0x00000064   Code   RO         5892    i.HAL_NAND_Init     stm32h7xx_hal_nand.o
    0x080021b4   0x080021b4   0x000000e0   Code   RO         6968    i.HAL_NAND_MspInit  nand.o
    0x08002294   0x08002294   0x00000020   Code   RO         1026    i.HAL_NVIC_EnableIRQ  stm32h7xx_hal_cortex.o
    0x080022b4   0x080022b4   0x0000007a   Code   RO         1032    i.HAL_NVIC_SetPriority  stm32h7xx_hal_cortex.o
    0x0800232e   0x0800232e   0x00000002   PAD
    0x08002330   0x08002330   0x00000028   Code   RO         1033    i.HAL_NVIC_SetPriorityGrouping  stm32h7xx_hal_cortex.o
    0x08002358   0x08002358   0x000000a6   Code   RO         4507    i.HAL_QSPI_Command  stm32h7xx_hal_qspi.o
    0x080023fe   0x080023fe   0x00000002   PAD
    0x08002400   0x08002400   0x000000fc   Code   RO         4516    i.HAL_QSPI_Init     stm32h7xx_hal_qspi.o
    0x080024fc   0x080024fc   0x000000bc   Code   RO         7190    i.HAL_QSPI_MspInit  qspi.o
    0x080025b8   0x080025b8   0x000000e2   Code   RO         4520    i.HAL_QSPI_Receive  stm32h7xx_hal_qspi.o
    0x0800269a   0x0800269a   0x00000004   Code   RO         4526    i.HAL_QSPI_SetTimeout  stm32h7xx_hal_qspi.o
    0x0800269e   0x0800269e   0x000000d2   Code   RO         4529    i.HAL_QSPI_Transmit  stm32h7xx_hal_qspi.o
    0x08002770   0x08002770   0x00000038   Code   RO         2056    i.HAL_RCCEx_GetD1SysClockFreq  stm32h7xx_hal_rcc_ex.o
    0x080027a8   0x080027a8   0x0000002c   Code   RO         2057    i.HAL_RCCEx_GetD3PCLK1Freq  stm32h7xx_hal_rcc_ex.o
    0x080027d4   0x080027d4   0x0000022c   Code   RO         2059    i.HAL_RCCEx_GetPLL2ClockFreq  stm32h7xx_hal_rcc_ex.o
    0x08002a00   0x08002a00   0x0000022c   Code   RO         2060    i.HAL_RCCEx_GetPLL3ClockFreq  stm32h7xx_hal_rcc_ex.o
    0x08002c2c   0x08002c2c   0x00000b38   Code   RO         2064    i.HAL_RCCEx_PeriphCLKConfig  stm32h7xx_hal_rcc_ex.o
    0x08003764   0x08003764   0x00000250   Code   RO         1947    i.HAL_RCC_ClockConfig  stm32h7xx_hal_rcc.o
    0x080039b4   0x080039b4   0x00000038   Code   RO         1951    i.HAL_RCC_GetHCLKFreq  stm32h7xx_hal_rcc.o
    0x080039ec   0x080039ec   0x0000002c   Code   RO         1953    i.HAL_RCC_GetPCLK1Freq  stm32h7xx_hal_rcc.o
    0x08003a18   0x08003a18   0x0000002c   Code   RO         1954    i.HAL_RCC_GetPCLK2Freq  stm32h7xx_hal_rcc.o
    0x08003a44   0x08003a44   0x00000244   Code   RO         1955    i.HAL_RCC_GetSysClockFreq  stm32h7xx_hal_rcc.o
    0x08003c88   0x08003c88   0x000006c4   Code   RO         1958    i.HAL_RCC_OscConfig  stm32h7xx_hal_rcc.o
    0x0800434c   0x0800434c   0x00000050   Code   RO         4090    i.HAL_SDRAM_Init    stm32h7xx_hal_sdram.o
    0x0800439c   0x0800439c   0x0000013c   Code   RO         6139    i.HAL_SDRAM_MspInit  sdram.o
    0x080044d8   0x080044d8   0x00000028   Code   RO         4093    i.HAL_SDRAM_ProgramRefreshRate  stm32h7xx_hal_sdram.o
    0x08004500   0x08004500   0x0000003a   Code   RO         4099    i.HAL_SDRAM_SendCommand  stm32h7xx_hal_sdram.o
    0x0800453a   0x0800453a   0x00000002   PAD
    0x0800453c   0x0800453c   0x00000264   Code   RO         4760    i.HAL_SPI_Init      stm32h7xx_hal_spi.o
    0x080047a0   0x080047a0   0x0000007c   Code   RO         7415    i.HAL_SPI_MspInit   spi.o
    0x0800481c   0x0800481c   0x000003dc   Code   RO         4769    i.HAL_SPI_TransmitReceive  stm32h7xx_hal_spi.o
    0x08004bf8   0x08004bf8   0x00000068   Code   RO         3966    i.HAL_SRAM_Init     stm32h7xx_hal_sram.o
    0x08004c60   0x08004c60   0x00000098   Code   RO         6198    i.HAL_SRAM_MspInit  lcd.o
    0x08004cf8   0x08004cf8   0x00000028   Code   RO         1035    i.HAL_SYSTICK_CLKSourceConfig  stm32h7xx_hal_cortex.o
    0x08004d20   0x08004d20   0x00000034   Code   RO         1037    i.HAL_SYSTICK_Config  stm32h7xx_hal_cortex.o
    0x08004d54   0x08004d54   0x00000034   Code   RO         2896    i.HAL_TIM_Base_Init  stm32h7xx_hal_tim.o
    0x08004d88   0x08004d88   0x00000002   Code   RO         2898    i.HAL_TIM_Base_MspInit  stm32h7xx_hal_tim.o
    0x08004d8a   0x08004d8a   0x0000001e   Code   RO         2901    i.HAL_TIM_Base_Start_IT  stm32h7xx_hal_tim.o
    0x08004da8   0x08004da8   0x00000002   Code   RO         2570    i.HAL_UARTEx_WakeupCallback  stm32h7xx_hal_uart_ex.o
    0x08004daa   0x08004daa   0x00000002   Code   RO         2234    i.HAL_UART_ErrorCallback  stm32h7xx_hal_uart.o
    0x08004dac   0x08004dac   0x00000014   Code   RO         2236    i.HAL_UART_GetState  stm32h7xx_hal_uart.o
    0x08004dc0   0x08004dc0   0x000001bc   Code   RO         2237    i.HAL_UART_IRQHandler  stm32h7xx_hal_uart.o
    0x08004f7c   0x08004f7c   0x00000078   Code   RO         2238    i.HAL_UART_Init     stm32h7xx_hal_uart.o
    0x08004ff4   0x08004ff4   0x00000098   Code   RO          639    i.HAL_UART_MspInit  usart.o
    0x0800508c   0x0800508c   0x000000e0   Code   RO         2243    i.HAL_UART_Receive_IT  stm32h7xx_hal_uart.o
    0x0800516c   0x0800516c   0x00000088   Code   RO          640    i.HAL_UART_RxCpltCallback  usart.o
    0x080051f4   0x080051f4   0x00000002   Code   RO         2249    i.HAL_UART_TxCpltCallback  stm32h7xx_hal_uart.o
    0x080051f6   0x080051f6   0x00000004   Code   RO          390    i.HardFault_Handler  stm32h7xx_it.o
    0x080051fa   0x080051fa   0x00000002   PAD
    0x080051fc   0x080051fc   0x0000007c   Code   RO         6072    i.KEY_Init          key.o
    0x08005278   0x08005278   0x00000048   Code   RO         6200    i.LCD_Clear         lcd.o
    0x080052c0   0x080052c0   0x00000180   Code   RO         6204    i.LCD_Display_Dir   lcd.o
    0x08005440   0x08005440   0x00002464   Code   RO         6211    i.LCD_Init          lcd.o
    0x080078a4   0x080078a4   0x00000050   Code   RO         6212    i.LCD_MPU_Config    lcd.o
    0x080078f4   0x080078f4   0x00000014   Code   RO         6214    i.LCD_RD_DATA       lcd.o
    0x08007908   0x08007908   0x00000050   Code   RO         6217    i.LCD_SSD_BackLightSet  lcd.o
    0x08007958   0x08007958   0x00000274   Code   RO         6218    i.LCD_Scan_Dir      lcd.o
    0x08007bcc   0x08007bcc   0x00000138   Code   RO         6219    i.LCD_SetCursor     lcd.o
    0x08007d04   0x08007d04   0x00000018   Code   RO         6225    i.LCD_WR_DATA       lcd.o
    0x08007d1c   0x08007d1c   0x00000018   Code   RO         6226    i.LCD_WR_REG        lcd.o
    0x08007d34   0x08007d34   0x00000014   Code   RO         6228    i.LCD_WriteRAM_Prepare  lcd.o
    0x08007d48   0x08007d48   0x00000010   Code   RO         6229    i.LCD_WriteReg      lcd.o
    0x08007d58   0x08007d58   0x00000058   Code   RO         6046    i.LED_Init          led.o
    0x08007db0   0x08007db0   0x00000024   Code   RO         6426    i.LTDC_Clear        ltdc.o
    0x08007dd4   0x08007dd4   0x0000002e   Code   RO         6427    i.LTDC_Clk_Set      ltdc.o
    0x08007e02   0x08007e02   0x00000002   PAD
    0x08007e04   0x08007e04   0x0000002c   Code   RO         6429    i.LTDC_Display_Dir  ltdc.o
    0x08007e30   0x08007e30   0x00000148   Code   RO         6431    i.LTDC_Fill         ltdc.o
    0x08007f78   0x08007f78   0x000003fc   Code   RO         6432    i.LTDC_Init         ltdc.o
    0x08008374   0x08008374   0x0000007c   Code   RO         6433    i.LTDC_Layer_Parameter_Config  ltdc.o
    0x080083f0   0x080083f0   0x00000030   Code   RO         6435    i.LTDC_Layer_Window_Config  ltdc.o
    0x08008420   0x08008420   0x000000d4   Code   RO         6436    i.LTDC_PanelID_Read  ltdc.o
    0x080084f4   0x080084f4   0x0000000c   Code   RO         6438    i.LTDC_Select_Layer  ltdc.o
    0x08008500   0x08008500   0x00000212   Code   RO         4281    i.LTDC_SetConfig    stm32h7xx_hal_ltdc.o
    0x08008712   0x08008712   0x00000030   Code   RO         6105    i.MPU_Memory_Protection  mpu.o
    0x08008742   0x08008742   0x0000005e   Code   RO         6106    i.MPU_Set_Protection  mpu.o
    0x080087a0   0x080087a0   0x00000208   Code   RO         6969    i.NAND_CopyPageWithWrite  nand.o
    0x080089a8   0x080089a8   0x000000c0   Code   RO         6970    i.NAND_CopyPageWithoutWrite  nand.o
    0x08008a68   0x08008a68   0x00000012   Code   RO         6971    i.NAND_Delay        nand.o
    0x08008a7a   0x08008a7a   0x00000002   PAD
    0x08008a7c   0x08008a7c   0x000000c4   Code   RO         6972    i.NAND_ECC_Correction  nand.o
    0x08008b40   0x08008b40   0x0000003a   Code   RO         6973    i.NAND_ECC_Get_OE   nand.o
    0x08008b7a   0x08008b7a   0x00000002   PAD
    0x08008b7c   0x08008b7c   0x0000005c   Code   RO         6974    i.NAND_EraseBlock   nand.o
    0x08008bd8   0x08008bd8   0x00000054   Code   RO         6975    i.NAND_EraseChip    nand.o
    0x08008c2c   0x08008c2c   0x000000e8   Code   RO         6976    i.NAND_Init         nand.o
    0x08008d14   0x08008d14   0x0000004e   Code   RO         6977    i.NAND_MPU_Config   nand.o
    0x08008d62   0x08008d62   0x00000002   PAD
    0x08008d64   0x08008d64   0x00000038   Code   RO         6978    i.NAND_ModeSet      nand.o
    0x08008d9c   0x08008d9c   0x00000060   Code   RO         6979    i.NAND_ReadID       nand.o
    0x08008dfc   0x08008dfc   0x0000029c   Code   RO         6980    i.NAND_ReadPage     nand.o
    0x08009098   0x08009098   0x00000090   Code   RO         6981    i.NAND_ReadPageComp  nand.o
    0x08009128   0x08009128   0x00000040   Code   RO         6982    i.NAND_ReadSpare    nand.o
    0x08009168   0x08009168   0x00000050   Code   RO         6983    i.NAND_ReadStatus   nand.o
    0x080091b8   0x080091b8   0x0000001c   Code   RO         6984    i.NAND_Reset        nand.o
    0x080091d4   0x080091d4   0x00000038   Code   RO         6985    i.NAND_WaitForReady  nand.o
    0x0800920c   0x0800920c   0x0000003c   Code   RO         6986    i.NAND_WaitRB       nand.o
    0x08009248   0x08009248   0x00000184   Code   RO         6987    i.NAND_WritePage    nand.o
    0x080093cc   0x080093cc   0x00000064   Code   RO         6988    i.NAND_WritePageConst  nand.o
    0x08009430   0x08009430   0x00000040   Code   RO         6989    i.NAND_WriteSpare   nand.o
    0x08009470   0x08009470   0x00000002   Code   RO          391    i.NMI_Handler       stm32h7xx_it.o
    0x08009472   0x08009472   0x00000002   Code   RO          392    i.PendSV_Handler    stm32h7xx_it.o
    0x08009474   0x08009474   0x0000024a   Code   RO         4534    i.QSPI_Config       stm32h7xx_hal_qspi.o
    0x080096be   0x080096be   0x00000002   PAD
    0x080096c0   0x080096c0   0x0000004c   Code   RO         7191    i.QSPI_Init         qspi.o
    0x0800970c   0x0800970c   0x00000028   Code   RO         7192    i.QSPI_Receive      qspi.o
    0x08009734   0x08009734   0x0000004c   Code   RO         7193    i.QSPI_Send_CMD     qspi.o
    0x08009780   0x08009780   0x00000028   Code   RO         7194    i.QSPI_Transmit     qspi.o
    0x080097a8   0x080097a8   0x0000004c   Code   RO         4539    i.QSPI_WaitFlagStateUntilTimeout  stm32h7xx_hal_qspi.o
    0x080097f4   0x080097f4   0x00000130   Code   RO         2067    i.RCCEx_PLL2_Config  stm32h7xx_hal_rcc_ex.o
    0x08009924   0x08009924   0x00000130   Code   RO         2068    i.RCCEx_PLL3_Config  stm32h7xx_hal_rcc_ex.o
    0x08009a54   0x08009a54   0x0000009c   Code   RO          581    i.SCB_EnableDCache  sys.o
    0x08009af0   0x08009af0   0x0000007c   Code   RO          582    i.SCB_EnableICache  sys.o
    0x08009b6c   0x08009b6c   0x00000068   Code   RO         6140    i.SDRAM_Init        sdram.o
    0x08009bd4   0x08009bd4   0x00000054   Code   RO         6141    i.SDRAM_Initialization_Sequence  sdram.o
    0x08009c28   0x08009c28   0x00000048   Code   RO         6142    i.SDRAM_Send_Cmd    sdram.o
    0x08009c70   0x08009c70   0x00000068   Code   RO         7416    i.SPI2_Init         spi.o
    0x08009cd8   0x08009cd8   0x00000020   Code   RO         7417    i.SPI2_ReadWriteByte  spi.o
    0x08009cf8   0x08009cf8   0x000000fc   Code   RO         4785    i.SPI_CloseTransfer  stm32h7xx_hal_spi.o
    0x08009df4   0x08009df4   0x0000001a   Code   RO         4796    i.SPI_GetPacketSize  stm32h7xx_hal_spi.o
    0x08009e0e   0x08009e0e   0x00000040   Code   RO         4803    i.SPI_WaitOnFlagUntilTimeout  stm32h7xx_hal_spi.o
    0x08009e4e   0x08009e4e   0x00000002   Code   RO          393    i.SVC_Handler       stm32h7xx_it.o
    0x08009e50   0x08009e50   0x000000f8   Code   RO          583    i.Stm32_Clock_Init  sys.o
    0x08009f48   0x08009f48   0x00000008   Code   RO          394    i.SysTick_Handler   stm32h7xx_it.o
    0x08009f50   0x08009f50   0x00000094   Code   RO          463    i.SystemInit        system_stm32h7xx.o
    0x08009fe4   0x08009fe4   0x00000044   Code   RO         8367    i.TIM4_IRQHandler   usmart.o
    0x0800a028   0x0800a028   0x000000cc   Code   RO         2980    i.TIM_Base_SetConfig  stm32h7xx_hal_tim.o
    0x0800a0f4   0x0800a0f4   0x0000005c   Code   RO         8368    i.Timer4_Init       usmart.o
    0x0800a150   0x0800a150   0x000000ea   Code   RO         2251    i.UART_AdvFeatureConfig  stm32h7xx_hal_uart.o
    0x0800a23a   0x0800a23a   0x00000074   Code   RO         2252    i.UART_CheckIdleState  stm32h7xx_hal_uart.o
    0x0800a2ae   0x0800a2ae   0x00000018   Code   RO         2253    i.UART_DMAAbortOnError  stm32h7xx_hal_uart.o
    0x0800a2c6   0x0800a2c6   0x00000020   Code   RO         2263    i.UART_EndRxTransfer  stm32h7xx_hal_uart.o
    0x0800a2e6   0x0800a2e6   0x00000020   Code   RO         2264    i.UART_EndTransmit_IT  stm32h7xx_hal_uart.o
    0x0800a306   0x0800a306   0x0000008a   Code   RO         2266    i.UART_Receive_IT   stm32h7xx_hal_uart.o
    0x0800a390   0x0800a390   0x000009a4   Code   RO         2267    i.UART_SetConfig    stm32h7xx_hal_uart.o
    0x0800ad34   0x0800ad34   0x00000082   Code   RO         2268    i.UART_Transmit_IT  stm32h7xx_hal_uart.o
    0x0800adb6   0x0800adb6   0x0000006c   Code   RO         2269    i.UART_WaitOnFlagUntilTimeout  stm32h7xx_hal_uart.o
    0x0800ae22   0x0800ae22   0x00000002   PAD
    0x0800ae24   0x0800ae24   0x00000050   Code   RO          641    i.USART1_IRQHandler  usart.o
    0x0800ae74   0x0800ae74   0x00000004   Code   RO          395    i.UsageFault_Handler  stm32h7xx_it.o
    0x0800ae78   0x0800ae78   0x00000078   Code   RO         7247    i.W25QXX_Init       w25qxx.o
    0x0800aef0   0x0800aef0   0x00000044   Code   RO         7249    i.W25QXX_Qspi_Enable  w25qxx.o
    0x0800af34   0x0800af34   0x00000060   Code   RO         7251    i.W25QXX_ReadID     w25qxx.o
    0x0800af94   0x0800af94   0x00000074   Code   RO         7252    i.W25QXX_ReadSR     w25qxx.o
    0x0800b008   0x0800b008   0x0000003c   Code   RO         7256    i.W25QXX_Write_Enable  w25qxx.o
    0x0800b044   0x0800b044   0x0000006c   Code   RO         7259    i.W25QXX_Write_SR   w25qxx.o
    0x0800b0b0   0x0800b0b0   0x00000010   Code   RO         1039    i.__NVIC_GetPriorityGrouping  stm32h7xx_hal_cortex.o
    0x0800b0c0   0x0800b0c0   0x00000028   Code   RO         1040    i.__NVIC_SetPriority  stm32h7xx_hal_cortex.o
    0x0800b0e8   0x0800b0e8   0x0000000e   Code   RO         8617    i._is_digit         c_w.l(__printf_wp.o)
    0x0800b0f6   0x0800b0f6   0x00000004   Code   RO          642    i._sys_exit         usart.o
    0x0800b0fa   0x0800b0fa   0x00000002   PAD
    0x0800b0fc   0x0800b0fc   0x00000044   Code   RO         7368    i.afe4490_Read_2    afe4490.o
    0x0800b140   0x0800b140   0x00000048   Code   RO         7369    i.afe4490_Write_2   afe4490.o
    0x0800b188   0x0800b188   0x00000014   Code   RO          538    i.delay_init        delay.o
    0x0800b19c   0x0800b19c   0x00000018   Code   RO          539    i.delay_ms          delay.o
    0x0800b1b4   0x0800b1b4   0x00000048   Code   RO          540    i.delay_us          delay.o
    0x0800b1fc   0x0800b1fc   0x0000001c   Code   RO          643    i.fputc             usart.o
    0x0800b218   0x0800b218   0x000000d4   Code   RO            4    i.main              main.o
    0x0800b2ec   0x0800b2ec   0x0000006c   Code   RO         7464    i.my_mem_free       malloc.o
    0x0800b358   0x0800b358   0x0000002c   Code   RO         7465    i.my_mem_init       malloc.o
    0x0800b384   0x0800b384   0x000000a8   Code   RO         7466    i.my_mem_malloc     malloc.o
    0x0800b42c   0x0800b42c   0x00000040   Code   RO         7467    i.my_mem_perused    malloc.o
    0x0800b46c   0x0800b46c   0x00000024   Code   RO         7468    i.myfree            malloc.o
    0x0800b490   0x0800b490   0x00000028   Code   RO         7469    i.mymalloc          malloc.o
    0x0800b4b8   0x0800b4b8   0x00000014   Code   RO         7471    i.mymemset          malloc.o
    0x0800b4cc   0x0800b4cc   0x00000006   Code   RO         8369    i.read_addr         usmart.o
    0x0800b4d2   0x0800b4d2   0x0000004e   Code   RO         7125    i.test_copypageandwrite  nandtester.o
    0x0800b520   0x0800b520   0x00000088   Code   RO         7126    i.test_ftlreadsectors  nandtester.o
    0x0800b5a8   0x0800b5a8   0x00000048   Code   RO         7127    i.test_ftlwritesectors  nandtester.o
    0x0800b5f0   0x0800b5f0   0x00000084   Code   RO         7128    i.test_readallblockinfo  nandtester.o
    0x0800b674   0x0800b674   0x00000084   Code   RO         7129    i.test_readpage     nandtester.o
    0x0800b6f8   0x0800b6f8   0x0000007c   Code   RO         7130    i.test_readspare    nandtester.o
    0x0800b774   0x0800b774   0x00000046   Code   RO         7131    i.test_writepage    nandtester.o
    0x0800b7ba   0x0800b7ba   0x00000002   PAD
    0x0800b7bc   0x0800b7bc   0x00000038   Code   RO          644    i.uart_init         usart.o
    0x0800b7f4   0x0800b7f4   0x000000b0   Code   RO         8370    i.usmart_cmd_rec    usmart.o
    0x0800b8a4   0x0800b8a4   0x000002d4   Code   RO         8371    i.usmart_exe        usmart.o
    0x0800bb78   0x0800bb78   0x000000d4   Code   RO         8457    i.usmart_get_aparm  usmart_str.o
    0x0800bc4c   0x0800bc4c   0x00000036   Code   RO         8458    i.usmart_get_cmdname  usmart_str.o
    0x0800bc82   0x0800bc82   0x00000002   PAD
    0x0800bc84   0x0800bc84   0x000001c0   Code   RO         8459    i.usmart_get_fname  usmart_str.o
    0x0800be44   0x0800be44   0x0000010c   Code   RO         8460    i.usmart_get_fparam  usmart_str.o
    0x0800bf50   0x0800bf50   0x00000020   Code   RO         8461    i.usmart_get_parmpos  usmart_str.o
    0x0800bf70   0x0800bf70   0x00000044   Code   RO         8372    i.usmart_get_runtime  usmart.o
    0x0800bfb4   0x0800bfb4   0x00000028   Code   RO         8373    i.usmart_init       usmart.o
    0x0800bfdc   0x0800bfdc   0x00000016   Code   RO         8462    i.usmart_pow        usmart_str.o
    0x0800bff2   0x0800bff2   0x00000002   PAD
    0x0800bff4   0x0800bff4   0x00000034   Code   RO         8374    i.usmart_reset_runtime  usmart.o
    0x0800c028   0x0800c028   0x000000bc   Code   RO         8375    i.usmart_scan       usmart.o
    0x0800c0e4   0x0800c0e4   0x00000016   Code   RO         8463    i.usmart_search_nextc  usmart_str.o
    0x0800c0fa   0x0800c0fa   0x00000106   Code   RO         8464    i.usmart_str2num    usmart_str.o
    0x0800c200   0x0800c200   0x00000022   Code   RO         8465    i.usmart_strcmp     usmart_str.o
    0x0800c222   0x0800c222   0x00000016   Code   RO         8466    i.usmart_strcopy    usmart_str.o
    0x0800c238   0x0800c238   0x00000018   Code   RO         8467    i.usmart_strlen     usmart_str.o
    0x0800c250   0x0800c250   0x000006f4   Code   RO         8376    i.usmart_sys_cmd_exe  usmart.o
    0x0800c944   0x0800c944   0x00000004   Code   RO         8377    i.write_addr        usmart.o
    0x0800c948   0x0800c948   0x0000000a   Code   RO         8777    x$fpl$fpinit        fz_wv.l(fpinit.o)
    0x0800c952   0x0800c952   0x00000040   Data   RO          464    .constdata          system_stm32h7xx.o
    0x0800c992   0x0800c992   0x00000030   Data   RO         2270    .constdata          stm32h7xx_hal_uart.o
    0x0800c9c2   0x0800c9c2   0x00000002   PAD
    0x0800c9c4   0x0800c9c4   0x00000078   Data   RO         7484    .constdata          malloc.o
    0x0800ca3c   0x0800ca3c   0x00000028   Data   RO         8590    .constdata          c_w.l(_printf_hex_int.o)
    0x0800ca64   0x0800ca64   0x00000011   Data   RO         8625    .constdata          c_w.l(__printf_flags_ss_wp.o)
    0x0800ca75   0x0800ca75   0x00000003   PAD
    0x0800ca78   0x0800ca78   0x00000028   Data   RO         8380    .conststring        usmart.o
    0x0800caa0   0x0800caa0   0x0000039d   Data   RO         8544    .conststring        usmart_config.o
    0x0800ce3d   0x0800ce3d   0x00000003   PAD
    0x0800ce40   0x0800ce40   0x00000020   Data   RO         8833    Region$$Table       anon$$obj.o


    Execution Region RW_IRAM2 (Exec base: 0x24000000, Load base: 0x0800ce60, Size: 0x00077d60, Max: 0x00080000, ABSOLUTE, COMPRESSED[0x00000100])

    Exec Addr    Load Addr    Size         Type   Attr      Idx    E Section Name        Object

    0x24000000   COMPRESSED   0x00000008   Data   RW            6    .data               main.o
    0x24000008   COMPRESSED   0x00000008   Data   RW          465    .data               system_stm32h7xx.o
    0x24000010   COMPRESSED   0x00000004   Data   RW          542    .data               delay.o
    0x24000014   COMPRESSED   0x00000007   Data   RW          647    .data               usart.o
    0x2400001b   COMPRESSED   0x00000001   PAD
    0x2400001c   COMPRESSED   0x00000009   Data   RW          755    .data               stm32h7xx_hal.o
    0x24000025   COMPRESSED   0x00000003   PAD
    0x24000028   COMPRESSED   0x00000008   Data   RW         6443    .data               ltdc.o
    0x24000030   COMPRESSED   0x00000004   Data   RW         6878    .data               ftl.o
    0x24000034   COMPRESSED   0x00000003   Data   RW         7262    .data               w25qxx.o
    0x24000037   COMPRESSED   0x00000001   PAD
    0x24000038   COMPRESSED   0x00000040   Data   RW         7485    .data               malloc.o
    0x24000078   COMPRESSED   0x0000001c   Data   RW         8381    .data               usmart.o
    0x24000094   COMPRESSED   0x000001ac   Data   RW         8545    .data               usmart_config.o
    0x24000240        -       0x00000148   Zero   RW          645    .bss                usart.o
    0x24000388        -       0x00000034   Zero   RW         6143    .bss                sdram.o
    0x240003bc        -       0x0000005a   Zero   RW         6231    .bss                lcd.o
    0x24000416   COMPRESSED   0x00000002   PAD
    0x24000418        -       0x00000128   Zero   RW         6441    .bss                ltdc.o
    0x24000540        -       0x0000009c   Zero   RW         6990    .bss                nand.o
    0x240005dc        -       0x0000004c   Zero   RW         7195    .bss                qspi.o
    0x24000628        -       0x00000088   Zero   RW         7419    .bss                spi.o
    0x240006b0   COMPRESSED   0x00000010   PAD
    0x240006c0        -       0x00077000   Zero   RW         7483    .bss                malloc.o
    0x240776c0        -       0x00000040   Zero   RW         8378    .bss                usmart.o
    0x24077700        -       0x00000060   Zero   RW         8709    .bss                c_w.l(libspace.o)
    0x24077760        -       0x00000200   Zero   RW          529    HEAP                startup_stm32h743xx.o
    0x24077960        -       0x00000400   Zero   RW          528    STACK               startup_stm32h743xx.o



  Load Region LR$$.ARM.__AT_0x00000000 (Base: 0x00000000, Size: 0x00000000, Max: 0x0000f000, ABSOLUTE)

    Execution Region ER$$.ARM.__AT_0x00000000 (Exec base: 0x00000000, Load base: 0x00000000, Size: 0x0000f000, Max: 0x0000f000, ABSOLUTE, UNINIT)

    Exec Addr    Load Addr    Size         Type   Attr      Idx    E Section Name        Object

    0x00000000        -       0x0000f000   Zero   RW         7473    .ARM.__AT_0x00000000  malloc.o



  Load Region LR$$.ARM.__AT_0x0000F000 (Base: 0x0000f000, Size: 0x00000000, Max: 0x00000f00, ABSOLUTE)

    Execution Region ER$$.ARM.__AT_0x0000F000 (Exec base: 0x0000f000, Load base: 0x0000f000, Size: 0x00000f00, Max: 0x00000f00, ABSOLUTE, UNINIT)

    Exec Addr    Load Addr    Size         Type   Attr      Idx    E Section Name        Object

    0x0000f000        -       0x00000f00   Zero   RW         7474    .ARM.__AT_0x0000F000  malloc.o



  Load Region LR$$.ARM.__AT_0x20000000 (Base: 0x20000000, Size: 0x00000000, Max: 0x0001e000, ABSOLUTE)

    Execution Region ER$$.ARM.__AT_0x20000000 (Exec base: 0x20000000, Load base: 0x20000000, Size: 0x0001e000, Max: 0x0001e000, ABSOLUTE, UNINIT)

    Exec Addr    Load Addr    Size         Type   Attr      Idx    E Section Name        Object

    0x20000000        -       0x0001e000   Zero   RW         7475    .ARM.__AT_0x20000000  malloc.o



  Load Region LR$$.ARM.__AT_0x2001E000 (Base: 0x2001e000, Size: 0x00000000, Max: 0x00001e00, ABSOLUTE)

    Execution Region ER$$.ARM.__AT_0x2001E000 (Exec base: 0x2001e000, Load base: 0x2001e000, Size: 0x00001e00, Max: 0x00001e00, ABSOLUTE, UNINIT)

    Exec Addr    Load Addr    Size         Type   Attr      Idx    E Section Name        Object

    0x2001e000        -       0x00001e00   Zero   RW         7476    .ARM.__AT_0x2001E000  malloc.o



  Load Region LR$$.ARM.__AT_0x30000000 (Base: 0x30000000, Size: 0x00000000, Max: 0x0003c000, ABSOLUTE)

    Execution Region ER$$.ARM.__AT_0x30000000 (Exec base: 0x30000000, Load base: 0x30000000, Size: 0x0003c000, Max: 0x0003c000, ABSOLUTE, UNINIT)

    Exec Addr    Load Addr    Size         Type   Attr      Idx    E Section Name        Object

    0x30000000        -       0x0003c000   Zero   RW         7477    .ARM.__AT_0x30000000  malloc.o



  Load Region LR$$.ARM.__AT_0x3003C000 (Base: 0x3003c000, Size: 0x00000000, Max: 0x00003c00, ABSOLUTE)

    Execution Region ER$$.ARM.__AT_0x3003C000 (Exec base: 0x3003c000, Load base: 0x3003c000, Size: 0x00003c00, Max: 0x00003c00, ABSOLUTE, UNINIT)

    Exec Addr    Load Addr    Size         Type   Attr      Idx    E Section Name        Object

    0x3003c000        -       0x00003c00   Zero   RW         7478    .ARM.__AT_0x3003C000  malloc.o



  Load Region LR$$.ARM.__AT_0x38000000 (Base: 0x38000000, Size: 0x00000000, Max: 0x0000f000, ABSOLUTE)

    Execution Region ER$$.ARM.__AT_0x38000000 (Exec base: 0x38000000, Load base: 0x38000000, Size: 0x0000f000, Max: 0x0000f000, ABSOLUTE, UNINIT)

    Exec Addr    Load Addr    Size         Type   Attr      Idx    E Section Name        Object

    0x38000000        -       0x0000f000   Zero   RW         7479    .ARM.__AT_0x38000000  malloc.o



  Load Region LR$$.ARM.__AT_0x3800F000 (Base: 0x3800f000, Size: 0x00000000, Max: 0x00000f00, ABSOLUTE)

    Execution Region ER$$.ARM.__AT_0x3800F000 (Exec base: 0x3800f000, Load base: 0x3800f000, Size: 0x00000f00, Max: 0x00000f00, ABSOLUTE, UNINIT)

    Exec Addr    Load Addr    Size         Type   Attr      Idx    E Section Name        Object

    0x3800f000        -       0x00000f00   Zero   RW         7480    .ARM.__AT_0x3800F000  malloc.o



  Load Region LR$$.ARM.__AT_0xC0000000 (Base: 0xc0000000, Size: 0x00000000, Max: 0x001f4000, ABSOLUTE)

    Execution Region ER$$.ARM.__AT_0xC0000000 (Exec base: 0xc0000000, Load base: 0xc0000000, Size: 0x001f4000, Max: 0x001f4000, ABSOLUTE, UNINIT)

    Exec Addr    Load Addr    Size         Type   Attr      Idx    E Section Name        Object

    0xc0000000        -       0x001f4000   Zero   RW         6440    .ARM.__AT_0xC0000000  ltdc.o



  Load Region LR$$.ARM.__AT_0xC01F4000 (Base: 0xc01f4000, Size: 0x00000000, Max: 0x01c3c000, ABSOLUTE)

    Execution Region ER$$.ARM.__AT_0xC01F4000 (Exec base: 0xc01f4000, Load base: 0xc01f4000, Size: 0x01c3c000, Max: 0x01c3c000, ABSOLUTE, UNINIT)

    Exec Addr    Load Addr    Size         Type   Attr      Idx    E Section Name        Object

    0xc01f4000        -       0x01c3c000   Zero   RW         7481    .ARM.__AT_0xC01F4000  malloc.o



  Load Region LR$$.ARM.__AT_0xC1E30000 (Base: 0xc1e30000, Size: 0x00000000, Max: 0x001c3c00, ABSOLUTE)

    Execution Region ER$$.ARM.__AT_0xC1E30000 (Exec base: 0xc1e30000, Load base: 0xc1e30000, Size: 0x001c3c00, Max: 0x001c3c00, ABSOLUTE, UNINIT)

    Exec Addr    Load Addr    Size         Type   Attr      Idx    E Section Name        Object

    0xc1e30000        -       0x001c3c00   Zero   RW         7482    .ARM.__AT_0xC1E30000  malloc.o


==============================================================================

Image component sizes


      Code (inc. data)   RO Data    RW Data    ZI Data      Debug   Object Name

       700         34          0          0          0       3501   afe4490.o
       116          8          0          4          0       2023   delay.o
      2356        286          0          4          0      11445   ftl.o
       124         14          0          0          0        955   key.o
     11128        158          0          0         90      16475   lcd.o
        88         10          0          0          0        867   led.o
      2194        114          0          8    2048296       9744   ltdc.o
       212         54          0          8          0    1279876   main.o
       480         54        120         64   32465920       7205   malloc.o
       142          0          0          0          0       1429   mpu.o
      3498        368          0          0        156      19382   nand.o
       744        150          0          0          0       5919   nandtester.o
       420         36          0          0         76       4169   qspi.o
       576         46          0          0         52       3674   sdram.o
       260         22          0          0        136       2406   spi.o
        64         26        664          0       1536        836   startup_stm32h743xx.o
       160         32          0          9          0       3975   stm32h7xx_hal.o
       542         38          0          0          0      41591   stm32h7xx_hal_cortex.o
       248         12          0          0          0       2079   stm32h7xx_hal_dma.o
       614         54          0          0          0       3171   stm32h7xx_hal_gpio.o
      1124          6          0          0          0       4709   stm32h7xx_hal_ltdc.o
         2          0          0          0          0        450   stm32h7xx_hal_msp.o
       100          6          0          0          0       1240   stm32h7xx_hal_nand.o
      1520          8          0          0          0       7092   stm32h7xx_hal_qspi.o
      3048         86          0          0          0       6000   stm32h7xx_hal_rcc.o
      4692        118          0          0          0       7427   stm32h7xx_hal_rcc_ex.o
       178          4          0          0          0       2764   stm32h7xx_hal_sdram.o
      1942         14          0          0          0       5245   stm32h7xx_hal_spi.o
       104          4          0          0          0       1220   stm32h7xx_hal_sram.o
       288         32          0          0          0       3132   stm32h7xx_hal_tim.o
      4094        140         48          0          0      12896   stm32h7xx_hal_uart.o
         2          0          0          0          0        976   stm32h7xx_hal_uart_ex.o
        28          0          0          0          0       3634   stm32h7xx_it.o
       750         20          0          0          0       8065   stm32h7xx_ll_fmc.o
       556         30          0          0          0      37321   sys.o
       148         18         64          8          0       1250   system_stm32h7xx.o
       456         62          0          7        328       5501   usart.o
      3198       1354         40         28         64       7999   usmart.o
         0          0        925        428          0       1712   usmart_config.o
      1400         20          0          0          0       9049   usmart_str.o
       568         32          0          3          0       4371   w25qxx.o

    ----------------------------------------------------------------------
     48902       3470       1898        576   34516672    1552775   Object Totals
         0          0         32          0          0          0   (incl. Generated)
        38          0          5          5         18          0   (incl. Padding)

    ----------------------------------------------------------------------

      Code (inc. data)   RO Data    RW Data    ZI Data      Debug   Library Member Name

        90          0          0          0          0          0   __dczerorl2.o
         8          0          0          0          0         68   __main.o
       392          4         17          0          0         92   __printf_flags_ss_wp.o
        14          0          0          0          0         68   __printf_wp.o
         0          0          0          0          0          0   __rtentry.o
        12          0          0          0          0          0   __rtentry2.o
         6          0          0          0          0          0   __rtentry4.o
        52          8          0          0          0          0   __scatter.o
        28          0          0          0          0          0   __scatter_zi.o
         6          0          0          0          0          0   _printf_c.o
        44          0          0          0          0        108   _printf_char.o
        48          6          0          0          0         96   _printf_char_common.o
        36          4          0          0          0         80   _printf_char_file.o
         6          0          0          0          0          0   _printf_d.o
       120         16          0          0          0         92   _printf_dec.o
        88          4         40          0          0         88   _printf_hex_int.o
       178          0          0          0          0         88   _printf_intcommon.o
        78          0          0          0          0        108   _printf_pad.o
         0          0          0          0          0          0   _printf_percent.o
         4          0          0          0          0          0   _printf_percent_end.o
         6          0          0          0          0          0   _printf_s.o
        82          0          0          0          0         80   _printf_str.o
         6          0          0          0          0          0   _printf_u.o
         6          0          0          0          0          0   _printf_x.o
        18          0          0          0          0         80   exit.o
         8          0          0          0          0         68   ferror.o
         6          0          0          0          0        152   heapauxi.o
         2          0          0          0          0          0   libinit.o
         6          0          0          0          0          0   libinit2.o
         2          0          0          0          0          0   libshutdown.o
         2          0          0          0          0          0   libshutdown2.o
         8          4          0          0         96         68   libspace.o
       238          0          0          0          0        100   lludivv7m.o
        24          4          0          0          0         84   noretval__2printf.o
        68          0          0          0          0         68   rt_memclr.o
        78          0          0          0          0         80   rt_memclr_w.o
       100          0          0          0          0         80   rt_memcpy_w.o
         2          0          0          0          0          0   rtexit.o
        10          0          0          0          0          0   rtexit2.o
        74          0          0          0          0         80   sys_stackheap_outer.o
        10          0          0          0          0        116   fpinit.o

    ----------------------------------------------------------------------
      1972         50         60          0         96       1944   Library Totals
         6          0          3          0          0          0   (incl. Padding)

    ----------------------------------------------------------------------

      Code (inc. data)   RO Data    RW Data    ZI Data      Debug   Library Name

      1956         50         57          0         96       1828   c_w.l
        10          0          0          0          0        116   fz_wv.l

    ----------------------------------------------------------------------
      1972         50         60          0         96       1944   Library Totals

    ----------------------------------------------------------------------

==============================================================================


      Code (inc. data)   RO Data    RW Data    ZI Data      Debug   

     50874       3520       1958        576   34516768    1531935   Grand Totals
     50874       3520       1958        256   34516768    1531935   ELF Image Totals (compressed)
     50874       3520       1958        256          0          0   ROM Totals

==============================================================================

    Total RO  Size (Code + RO Data)                52832 (  51.59kB)
    Total RW  Size (RW Data + ZI Data)          34517344 (33708.34kB)
    Total ROM Size (Code + RO Data + RW Data)      53088 (  51.84kB)

==============================================================================

