<html>
<body>
<pre>
<h1>礦ision Build Log</h1>
<h2>Tool Versions:</h2>
IDE-Version: μVision V5.25.2.0
Copyright (C) 2018 ARM Ltd and ARM Germany GmbH. All rights reserved.
License Information: Test My Lenovo-PC, Test, LIC=RC93N-YWK0G-30BNC-7JH23-NI0FD-E05K1
 
Tool Versions:
Toolchain:       MDK-ARM Plus  Version: 5.25.2.0
Toolchain Path:  C:\Keil_v5\ARM\ARMCC\Bin
C Compiler:      Armcc.exe V5.06 update 6 (build 750)
Assembler:       Armasm.exe V5.06 update 6 (build 750)
Linker/Locator:  ArmLink.exe V5.06 update 6 (build 750)
Library Manager: ArmAr.exe V5.06 update 6 (build 750)
Hex Converter:   FromElf.exe V5.06 update 6 (build 750)
CPU DLL:         SARMCM3.DLL V5.25.2.0
Dialog DLL:      DCM.DLL V1.17.1.0
Target DLL:      STLink\ST-LINKIII-KEIL_SWO.dll V3.0.1.0
Dialog DLL:      TCM.DLL V1.35.1.0
 
<h2>Project:</h2>
C:\Users\My Lenovo-PC\Desktop\实验40 FATFS实验\USER\FATFS.uvprojx
Project File Date:  06/01/2020

<h2>Output:</h2>
*** Using Compiler 'V5.06 update 6 (build 750)', folder: 'C:\Keil_v5\ARM\ARMCC\Bin'
Build target 'FATFS'
compiling main.c...
..\HARDWARE\afe4490\afe4490.h(71): warning:  #1-D: last line of file ends without a newline
  	
main.c(27): warning:  #177-D: variable "total"  was declared but never referenced
   	u32 total,free;
main.c(27): warning:  #177-D: variable "free"  was declared but never referenced
   	u32 total,free;
main.c(28): warning:  #177-D: variable "t"  was declared but never referenced
  	u8 t=0;	
main.c(29): warning:  #177-D: variable "res"  was declared but never referenced
  	u8 res=0;	
main.c: 5 warnings, 0 errors
compiling afe4490.c...
..\HARDWARE\afe4490\afe4490.h(71): warning:  #1-D: last line of file ends without a newline
  	
..\HARDWARE\afe4490\afe4490.c(61): warning:  #940-D: missing return statement at end of non-void function "afe4490_Write_2" 
  }
..\HARDWARE\afe4490\afe4490.c(49): warning:  #550-D: variable "status"  was set but never used
  	u8 status;
..\HARDWARE\afe4490\afe4490.c: 3 warnings, 0 errors
linking...
Program Size: Code=50874 RO-data=1958 RW-data=576 ZI-data=34516768  
FromELF: creating hex file...
"..\OBJ\Template.axf" - 0 Error(s), 8 Warning(s).

<h2>Software Packages used:</h2>

Package Vendor: Keil
                https://www.keil.com/pack/Keil.STM32H7xx_DFP.2.3.1.pack
                Keil.STM32H7xx_DFP.2.3.1
                STMicroelectronics STM32H7 Series Device Support and Examples

<h2>Collection of Component include folders:</h2>
  .\RTE\_FATFS
  C:\Keil_v5\ARM\PACK\Keil\STM32H7xx_DFP\2.3.1\Drivers\CMSIS\Device\ST\STM32H7xx\Include

<h2>Collection of Component Files used:</h2>
Build Time Elapsed:  00:00:12
</pre>
</body>
</html>
